[oliverstadie.com/index.html]
[backblue.gif]
[fade.gif]
[index.html]
[oliverstadie.com/wp-content/uploads/2014/08/about-Featured-Image.png]
[oliverstadie.com/wp-content/plugins/contact-bank/assets/css/A.stylesheet.css,qver=4.5.32.pagespeed.cf.XGToGBVO0d.css]
[oliverstadie.com/wp-content/plugins/contact-bank/assets/images/icons/xicon-error.png.pagespeed.ic.Z9HAGW-orp.png]
[oliverstadie.com/comments/feed/index.html]
[oliverstadie.com/oliver-stadie-computer-scientist/feed/index.html]
[oliverstadie.com/wp-content/plugins/contact-bank/assets/images/icons/xicon-succes.png.pagespeed.ic.TEX8VyYNJx.png]
[oliverstadie.com/wp-content/plugins/custom-twitter-feeds/css/A.ctf-styles.css,qver=1.1.1.pagespeed.cf.n4GvJacAoG.css]
[oliverstadie.com/wp-content/plugins/header-customizer-lite/assets/css/A.style.min.css,qver=4.5.32.pagespeed.cf.HoyvvA4jvy.css]
[oliverstadie.com/wp-content/themes/baskerville/A.style.css,qver=4.5.32.pagespeed.cf.H09Ox_he1L.css]
[oliverstadie.com/wp-content/plugins/jetpack/css/A.jetpack.css,qver=4.0.7.pagespeed.cf.HEA9KOq8ox.css]
[oliverstadie.com/wp-content/plugins/simple-follow-me-social-buttons-widget/assets/css/A.icons.css,qver=3.3.3.pagespeed.cf.yP3KIzS-1V.css]
[oliverstadie.com/xmlrpc0db0.php]
[oliverstadie.com/wp-includes/wlwmanifest.xml]
[oliverstadie.com/wp-json/index.html]
[oliverstadie.com/feed/index.html]
[oliverstadie.com/wp-includes,_js,_jquery,_jquery-migrate.min.js,qver==1.4.1+wp-content,_plugins,_contact-bank,_assets,_js,_jquery.Tooltip.js,qver==4.5.32+wp-content,_plugins,_contact]
[oliverstadie.com/wp-includes/js/jquery/jquery.js,qver=1.12.4.pagespeed.jm.gp20iU5FlU.js]
[oliverstadie.com/wp-content/uploads/2016/06/xcropped-favicon-3-32x32.png.pagespeed.ic.Lx-YkRpxZv.png]
[oliverstadie.com/wp-content/uploads/2016/06/xcropped-favicon-3-192x192.png.pagespeed.ic.vxRrd8_z3K.png]
[oliverstadie.com/wp-content/uploads/2016/06/xcropped-favicon-3-180x180.png.pagespeed.ic.5Y6i5jHok_.png]
[oliverstadie.com/wp-content/uploads/2016/05/dark-gray-tile.png]
[oliverstadie.com/wp-content/uploads/2014/08/945x331xabout-Featured-Image-945x331.png.pagespeed.ic.oC3-PVZqmN.png]
[oliverstadie.com/wp-admin/admin-ajax.html]
[oliverstadie.com/wp-content/uploads/2016/05/1000x1000xavatar-darkgray.png.pagespeed.ic.hB51exLQvo.png]
[oliverstadie.com/cat-nav/information-technology/index.html]
[oliverstadie.com/wp-content/uploads/2016/06/xemail-40px.png.pagespeed.ic.ianu_bS929.png]
[oliverstadie.com/cat-nav/it-consulting/index.html]
[oliverstadie.com/cat-nav/game-developer/index.html]
[oliverstadie.com/wp-content/uploads/2016/06/xphone-40px.png.pagespeed.ic.D31YzXwe3t.png]
[oliverstadie.com/cat-nav/skills/index.html]
[oliverstadie.com/wp-content/uploads/2016/05/1000x1000xavatar-darkgray-on-white.png.pagespeed.ic.N5LT3FJt44.png]
[oliverstadie.com/wp-includes,_js,_comment-reply.min.js,qver==4.5.32+wp-content,_plugins,_jetpack,_modules,_photon,_photon.js,qver==20130122.pagespeed.jc.wXhQife0RZ.js]
[oliverstadie.com/wp-content/plugins/custom-twitter-feeds/js/ctf-scripts.js,qver=1.1.1.pagespeed.jm.zkdK4am3vY.js]
[oliverstadie.com/index.html]
[oliverstadie.com/impressum/index.html]
[oliverstadie.com/wp-content/plugins/header-customizer-lite,_assets,_js,_live.js,qver==20160321+wens-responsive-column-layout-shortcodes,_js,_custom.js,qver==1.1.pagespeed.jc.AyijIEVV]
[oliverstadie.com/wp-content/plugins/contact-bank/assets/images/xicon.png.pagespeed.ic.8Huh_zVvki.png]
[oliverstadie.com/wp-content/plugins/contact-bank/assets/images/tables/xsort_both.png.pagespeed.ic.tZ-ZG1_os5.png]
[oliverstadie.com/wp-content/plugins/contact-bank/assets/css/A.stylesheet.css,qver=4.5.32.pagespeed.cf.XGToGBVO0d.css]
[oliverstadie.com/wp-content/plugins/custom-twitter-feeds/fonts/fontawesome-webfont914c.eot]
[oliverstadie.com/wp-content,_plugins,_jetpack,_modules,_wpgroho.js,qver==4.5.32+wp-includes,_js,_masonry.min.js,qver==3.1.2+wp-content,_themes,_baskerville,_js,_imagesloaded.pkgd.js,]
[oliverstadie.com/wp-content/plugins/custom-twitter-feeds/fonts/fontawesome-webfontd41d.eot]
[oliverstadie.com/wp-content/plugins/custom-twitter-feeds/fonts/fontawesome-webfont914c.woff]
[oliverstadie.com/wp-content/plugins/custom-twitter-feeds/fonts/fontawesome-webfont914c.ttf]
[oliverstadie.com/wp-content/plugins/custom-twitter-feeds/css/A.ctf-styles.css,qver=1.1.1.pagespeed.cf.n4GvJacAoG.css]
[oliverstadie.com/wp-content/plugins/header-customizer-lite/assets/fonts/expandae9b.eot]
[oliverstadie.com/wp-content/plugins/header-customizer-lite/assets/fonts/expand4eee.eot]
[oliverstadie.com/wp-content/plugins/header-customizer-lite/assets/fonts/expandae9b.woff]
[oliverstadie.com/wp-content/plugins/header-customizer-lite/assets/fonts/expandae9b.ttf]
[oliverstadie.com/wp-content/plugins/header-customizer-lite/assets/css/A.style.min.css,qver=4.5.32.pagespeed.cf.HoyvvA4jvy.css]
[oliverstadie.com/wp-content/plugins/simple-follow-me-social-buttons-widget/assets/fonts/social_buttons046b.eot]
[oliverstadie.com/wp-content/plugins/simple-follow-me-social-buttons-widget/assets/css/A.icons.css,qver=3.3.3.pagespeed.cf.yP3KIzS-1V.css]
[oliverstadie.com/wp-content/themes/baskerville/images/icons/1x/spyglass-w.png.pagespeed.ce.N5mKg4gvsl.png]
[oliverstadie.com/wp-content/themes/baskerville/images/icons/1x/tack-w.png.pagespeed.ce.ufSCRA4v5Y.png]
[oliverstadie.com/wp-content/themes/baskerville/images/icons/1x/clock-g.png.pagespeed.ce.-ebIBYkWWk.png]
[oliverstadie.com/wp-content/themes/baskerville/images/icons/1x/clock-c.png.pagespeed.ce.cWFv0Wrta8.png]
[oliverstadie.com/wp-content/themes/baskerville/images/icons/1x/heart-g.png.pagespeed.ce.yGXd5kuKq7.png]
[oliverstadie.com/wp-content/themes/baskerville/images/icons/1x/heart-c.png.pagespeed.ce.5bqzW03LC0.png]
[oliverstadie.com/wp-content/themes/baskerville/images/icons/1x/xcomment-g.png.pagespeed.ic._-8Pc8sjML.png]
[oliverstadie.com/wp-content/themes/baskerville/images/icons/1x/comment-c.png.pagespeed.ce._DvTU7IpDg.png]
[oliverstadie.com/wp-content/themes/baskerville/images/icons/1x/xedit-g.png.pagespeed.ic.tbbJ6A3qf8.png]
[oliverstadie.com/wp-content/themes/baskerville/images/icons/1x/edit-c.png.pagespeed.ce.87fTgCFLLd.png]
[oliverstadie.com/wp-content/themes/baskerville/images/icons/1x/link-c.png.pagespeed.ce.crtH8m28it.png]
[oliverstadie.com/wp-content/themes/baskerville/images/icons/1x/chevron-left-w-shade.png.pagespeed.ce.fH2DvNDzgs.png]
[oliverstadie.com/wp-content/themes/baskerville/images/icons/1x/chevron-right-w-shade.png.pagespeed.ce.PyFnORhI3t.png]
[oliverstadie.com/wp-content/themes/baskerville/images/icons/1x/xchevron-left-w-shade-big.png.pagespeed.ic.vfjwQWUsaJ.png]
[oliverstadie.com/wp-content/themes/baskerville/images/icons/1x/xchevron-right-w-shade-big.png.pagespeed.ic.qD3EA4kmhM.png]
[oliverstadie.com/wp-content/themes/baskerville/images/icons/1x/folder-g.png.pagespeed.ce.CtCLwTyH6M.png]
[oliverstadie.com/wp-content/themes/baskerville/images/icons/1x/tag-g.png.pagespeed.ce.Cy_5SfIuMH.png]
[oliverstadie.com/wp-content/themes/baskerville/images/icons/1x/prev-g.png.pagespeed.ce.hbXWwp4DkK.png]
[oliverstadie.com/wp-content/themes/baskerville/images/icons/1x/prev-c.png.pagespeed.ce.sjZI_OrT_M.png]
[oliverstadie.com/wp-content/themes/baskerville/images/icons/1x/next-g.png.pagespeed.ce.5nmM4ALSX4.png]
[oliverstadie.com/wp-content/themes/baskerville/images/icons/1x/next-c.png.pagespeed.ce.k3dV0R34Ej.png]
[oliverstadie.com/wp-content/themes/baskerville/images/icons/1x/author-w.png.pagespeed.ce.p2li3UJC4Y.png]
[oliverstadie.com/wp-content/themes/baskerville/images/icons/1x/archive-w.png.pagespeed.ce.04cnNQrxJ9.png]
[oliverstadie.com/wp-content/themes/baskerville/images/icons/1x/home-w.png.pagespeed.ce._T8dpyURnr.png]
[oliverstadie.com/wp-content/themes/baskerville/images/icons/1x/social/mail-w.png.pagespeed.ce.CLIo0dZq3r.png]
[oliverstadie.com/wp-content/themes/baskerville/images/icons/1x/social/twitter-w.png.pagespeed.ce.MqKIQ1NSXo.png]
[oliverstadie.com/wp-content/themes/baskerville/images/icons/1x/reply-w.png.pagespeed.ce.QO2dY_BW0X.png]
[oliverstadie.com/wp-content/themes/baskerville/images/icons/1x/xedit-w.png.pagespeed.ic.fWBYgI1nxA.png]
[oliverstadie.com/wp-content/themes/baskerville/images/icons/1x/author-g.png.pagespeed.ce.dMqiucuHXN.png]
[oliverstadie.com/wp-content/themes/baskerville/images/icons/1x/social/mail-g.png.pagespeed.ce._lDbPChizN.png]
[oliverstadie.com/wp-content/themes/baskerville/images/icons/1x/home-g.png.pagespeed.ce.RzxeJKBlOd.png]
[oliverstadie.com/wp-content/themes/baskerville/images/icons/1x/image-g.png.pagespeed.ce.CLtUelfqEp.png]
[oliverstadie.com/wp-content/themes/baskerville/images/icons/1x/image-w.png.pagespeed.ce.RYMNsxExv0.png]
[oliverstadie.com/wp-content/themes/baskerville/images/icons/1x/spyglass-g.png.pagespeed.ce.xQnOMpq2Lq.png]
[oliverstadie.com/wp-content/themes/baskerville/images/icons/1x/spyglass-c.png.pagespeed.ce.3IyYgrG2RZ.png]
[oliverstadie.com/wp-content/themes/baskerville/images/icons/2x/spyglass-w.png.pagespeed.ce.d8Y0Ebvu41.png]
[oliverstadie.com/wp-content/themes/baskerville/images/icons/2x/tack-w.png.pagespeed.ce.j_43bVaRQL.png]
[oliverstadie.com/wp-content/themes/baskerville/images/icons/2x/clock-g.png.pagespeed.ce.rjbdfD_Kmi.png]
[oliverstadie.com/wp-content/themes/baskerville/images/icons/2x/clock-c.png.pagespeed.ce.52ZMu-V09h.png]
[oliverstadie.com/wp-content/themes/baskerville/images/icons/2x/heart-g.png.pagespeed.ce.TQmzY9aMww.png]
[oliverstadie.com/wp-content/themes/baskerville/images/icons/2x/heart-c.png.pagespeed.ce.QunWWrjkU5.png]
[oliverstadie.com/wp-content/themes/baskerville/images/icons/2x/comment-g.png.pagespeed.ce.AFyb3bZ2HQ.png]
[oliverstadie.com/wp-content/themes/baskerville/images/icons/2x/comment-c.png.pagespeed.ce.cy-azpF9MV.png]
[oliverstadie.com/wp-content/themes/baskerville/images/icons/2x/link-c.png.pagespeed.ce.3Nw8hWJfhJ.png]
[oliverstadie.com/wp-content/themes/baskerville/images/icons/2x/chevron-left-w-shade.png.pagespeed.ce.CnoW3nH7-W.png]
[oliverstadie.com/wp-content/themes/baskerville/images/icons/2x/chevron-right-w-shade.png.pagespeed.ce.2OiNixVpaM.png]
[oliverstadie.com/wp-content/themes/baskerville/images/icons/2x/folder-g.png.pagespeed.ce.RPYf6vrp0u.png]
[oliverstadie.com/wp-content/themes/baskerville/images/icons/2x/tag-g.png.pagespeed.ce.Im0Lk64o1p.png]
[oliverstadie.com/wp-content/themes/baskerville/images/icons/2x/archive-w.png.pagespeed.ce.ffduc_4ju7.png]
[oliverstadie.com/wp-content/themes/baskerville/images/icons/2x/home-w.png.pagespeed.ce.0joKcbs8Oy.png]
[oliverstadie.com/wp-content/themes/baskerville/images/icons/2x/social/mail-w.png.pagespeed.ce.ZB6z3zFDG-.png]
[oliverstadie.com/wp-content/themes/baskerville/images/icons/2x/social/twitter-w.png.pagespeed.ce.hfJkOuItkX.png]
[oliverstadie.com/wp-content/themes/baskerville/images/icons/2x/author-w.png.pagespeed.ce.nx5LRa-JMh.png]
[oliverstadie.com/wp-content/themes/baskerville/images/icons/2x/reply-w.png.pagespeed.ce.ACOwcuK0cU.png]
[oliverstadie.com/wp-content/themes/baskerville/images/icons/2x/edit-w.png.pagespeed.ce.k-AJZeVs3Z.png]
[oliverstadie.com/wp-content/themes/baskerville/images/icons/2x/author-g.png.pagespeed.ce.P6pPc2beAO.png]
[oliverstadie.com/wp-content/themes/baskerville/images/icons/2x/social/mail-g.png.pagespeed.ce.35ouMzZgSK.png]
[oliverstadie.com/wp-content/themes/baskerville/images/icons/2x/home-g.png.pagespeed.ce.FAA9tjUPax.png]
[oliverstadie.com/wp-content/themes/baskerville/images/icons/2x/image-g.png.pagespeed.ce.p5jEG_mCGQ.png]
[oliverstadie.com/wp-content/themes/baskerville/images/icons/2x/image-w.png.pagespeed.ce.CYvwsmbAfV.png]
[oliverstadie.com/wp-content/themes/baskerville/images/icons/2x/spyglass-g.png.pagespeed.ce.dV0vhDRCdo.png]
[oliverstadie.com/wp-content/themes/baskerville/images/icons/2x/spyglass-c.png.pagespeed.ce.No5yUn05e4.png]
[oliverstadie.com/wp-content/themes/baskerville/A.style.css,qver=4.5.32.pagespeed.cf.H09Ox_he1L.css]
[oliverstadie.com/wp-content/plugins/jetpack/modules/carousel/images/arrows.png]
[oliverstadie.com/wp-content/plugins/jetpack/modules/carousel/images/arrows-2x.png.pagespeed.ce.8Nu4wDQJt8.png]
[oliverstadie.com/wp-content/plugins/jetpack/css/A.jetpack.css,qver=4.0.7.pagespeed.cf.HEA9KOq8ox.css]
[oliverstadie.com/wp-json/oembed/1.0/embed00f2.json]
[oliverstadie.com/wp-json/oembed/1.0/embedef2a]
[oliverstadie.com/wp-content/uploads/2016/05/skills-it-featured-image1-600x210.png]
[oliverstadie.com/wp-content/uploads/2016/10/Pokemon-Go-Manager-600x210.png]
[oliverstadie.com/cat-nav/information-technology/feed/index.html]
[oliverstadie.com/wp-content/uploads/2016/05/stomap-featured-image-600x210.png]
[oliverstadie.com/skills-it/index.html]
[oliverstadie.com/wp-content/uploads/2016/05/600x210xplayotope-featured-image-600x210.png.pagespeed.ic.oySzqJt4CU.png]
[oliverstadie.com/pokemon-go-manager/index.html]
[oliverstadie.com/wp-content/uploads/2016/05/gui-testing-featured-image-600x210.png]
[oliverstadie.com/stomap-project-management-tool/index.html]
[oliverstadie.com/wp-content/uploads/2016/05/computer-vision-featured-image2-600x210.png]
[oliverstadie.com/cat-nav/information-technology/index.html]
[oliverstadie.com/playotope-platform-game-maker/index.html]
[oliverstadie.com/gui-testing/index.html]
[oliverstadie.com/wp-content/uploads/2016/04/600x210xskills-consulting-and-soft-skills-600x210.png.pagespeed.ic.Ko25l7giM_.png]
[oliverstadie.com/computer-vision/index.html]
[oliverstadie.com/wp-content/uploads/2016/04/600x210xskills-software-architecture-and-design-600x210.png.pagespeed.ic.nSyUnKLM8T.png]
[oliverstadie.com/cat-nav/all-it-projects/index.html]
[oliverstadie.com/cat-nav/it-consulting/feed/index.html]
[oliverstadie.com/wp-content/uploads/2016/04/600x210xskills-project-management-600x210.png.pagespeed.ic.q1c7xUmuLY.png]
[oliverstadie.com/wp-content/uploads/2016/10/600x210xPokemon-Go-Manager-600x210.png.pagespeed.ic.s4g3jV0qpb.png]
[oliverstadie.com/cat-nav/it-consulting/index.html]
[oliverstadie.com/wp-content/uploads/2016/04/600x210xskills-game-development-600x210.png.pagespeed.ic.cQilCzKsC1.png]
[oliverstadie.com/cat-nav/game-developer/feed/index.html]
[oliverstadie.com/wp-content/uploads/2016/05/600x209xtowel-defence-featured-image-e1464950089504-600x209.png.pagespeed.ic.3T5WlV5jGf.png]
[oliverstadie.com/skills-game-development/index.html]
[oliverstadie.com/wp-content/uploads/2016/05/600x210xforests-of-eden-featured-image-600x210.png.pagespeed.ic.KRLdPv9vIu.png]
[oliverstadie.com/towel-defence/index.html]
[oliverstadie.com/wp-content/uploads/2016/05/600x210xgame-jams-and-prototypes-featured-image1-600x210.png.pagespeed.ic.zsaoumD7Yf.png]
[oliverstadie.com/cat-nav/game-developer/index.html]
[oliverstadie.com/forests-of-eden/index.html]
[oliverstadie.com/wp-content/uploads/2016/05/600x210xskills-it-featured-image1-600x210.png.pagespeed.ic.rHxWrTMyy7.png]
[oliverstadie.com/game-jams-prototypes/index.html]
[oliverstadie.com/cat-nav/skills/index.html]
[oliverstadie.com/cat-nav/all-game-projects/index.html]
[oliverstadie.com/cat-nav/skills/feed/index.html]
[oliverstadie.com/wp-admin/admin-ajax.html]
[oliverstadie.com/wp-json/oembed/1.0/embed7bc1.json]
[oliverstadie.com/wp-json/oembed/1.0/embed4b68]
[oliverstadie.com/wp-content/plugins/impressum-manager/includes/impressum/ximpressum-manager-email-as-image.php,qtext=oliver.stadie,40gmail.com.pagespeed.ic.x_A34577W3.png]
[oliverstadie.com/impressum/index.html]
[oliverstadie.com/wp-content/plugins/custom-twitter-feeds/fonts/fontawesome-webfont914c.svg]
[oliverstadie.com/wp-content/plugins/header-customizer-lite/assets/fonts/expandae9b.html]
[oliverstadie.com/wp-content/plugins/header-customizer-lite/assets/fonts/expandae9b.svg]
[oliverstadie.com/wp-content/uploads/2016/05/skills-it-featured-image1.png]
[oliverstadie.com/wp-json/oembed/1.0/embed7d9b.json]
[oliverstadie.com/wp-json/oembed/1.0/embedb701]
[oliverstadie.com/skills-it/feed/index.html]
[oliverstadie.com/wp-content/uploads/2016/05/945x331xskills-it-featured-image1-945x331.png.pagespeed.ic.S3AjV4ORg0.png]
[oliverstadie.com/cat-nav/consulting-soft-skills/index.html]
[oliverstadie.com/post-term/web/index.html]
[oliverstadie.com/post-term/app/index.html]
[oliverstadie.com/post-term/mobile/index.html]
[oliverstadie.com/post-term/client-server/index.html]
[oliverstadie.com/post-term/native/index.html]
[oliverstadie.com/post-term/real-time-sw/index.html]
[oliverstadie.com/post-term/ui/index.html]
[oliverstadie.com/post-term/custom-editor/index.html]
[oliverstadie.com/post-term/custom-test-framework/index.html]
[oliverstadie.com/post-term/linux/index.html]
[oliverstadie.com/post-term/windows/index.html]
[oliverstadie.com/post-term/docker/index.html]
[oliverstadie.com/post-term/aws/index.html]
[oliverstadie.com/post-term/google-app-engine/index.html]
[oliverstadie.com/post-term/raspberry-pi/index.html]
[oliverstadie.com/post-term/github/index.html]
[oliverstadie.com/post-term/svn/index.html]
[oliverstadie.com/post-term/eclipse/index.html]
[oliverstadie.com/post-term/visual-studio/index.html]
[oliverstadie.com/post-term/unity/index.html]
[oliverstadie.com/post-term/netbeans/index.html]
[oliverstadie.com/post-term/intellij-idea/index.html]
[oliverstadie.com/post-term/sublime/index.html]
[oliverstadie.com/post-term/notepad/index.html]
[oliverstadie.com/post-term/flash/index.html]
[oliverstadie.com/post-term/monodevelop/index.html]
[oliverstadie.com/post-term/uml/index.html]
[oliverstadie.com/cat-nav/software-architecture-design/index.html]
[oliverstadie.com/post-term/model-based/index.html]
[oliverstadie.com/post-term/java/index.html]
[oliverstadie.com/post-term/typescript/index.html]
[oliverstadie.com/post-term/html5/index.html]
[oliverstadie.com/post-term/javascript/index.html]
[oliverstadie.com/post-term/css/index.html]
[oliverstadie.com/post-term/ecmascript-6/index.html]
[oliverstadie.com/post-term/csharp/index.html]
[oliverstadie.com/post-term/cpp/index.html]
[oliverstadie.com/post-term/actionscript/index.html]
[oliverstadie.com/post-term/xml/index.html]
[oliverstadie.com/post-term/xsd/index.html]
[oliverstadie.com/post-term/angular/index.html]
[oliverstadie.com/post-term/react/index.html]
[oliverstadie.com/post-term/jquery/index.html]
[oliverstadie.com/post-term/bootstrap/index.html]
[oliverstadie.com/post-term/nodejs/index.html]
[oliverstadie.com/post-term/express/index.html]
[oliverstadie.com/post-term/eclipse-rcp/index.html]
[oliverstadie.com/post-term/mongodb/index.html]
[oliverstadie.com/post-term/mongoose/index.html]
[oliverstadie.com/post-term/emf/index.html]
[oliverstadie.com/post-term/google-analytics/index.html]
[oliverstadie.com/post-term/github-api/index.html]
[oliverstadie.com/post-term/osgi/index.html]
[oliverstadie.com/post-term/facebook/index.html]
[oliverstadie.com/post-term/twitter/index.html]
[oliverstadie.com/post-term/paypal-api/index.html]
[oliverstadie.com/skills-it/index.html]
[oliverstadie.com/post-term/jquery-ui/index.html]
[oliverstadie.com/post-term/oauth2/index.html]
[oliverstadie.com/post-term/lodash/index.html]
[oliverstadie.com/post-term/underscore/index.html]
[oliverstadie.com/wp-content/uploads/2016/10/Pokemon-Go-Manager.png]
[oliverstadie.com/post-term/java-servlets/index.html]
[oliverstadie.com/wp-json/oembed/1.0/embeddda0.json]
[oliverstadie.com/post-term/qr-codes/index.html]
[oliverstadie.com/wp-json/oembed/1.0/embed58b5]
[oliverstadie.com/post-term/testing/index.html]
[oliverstadie.com/wp-content/uploads/2016/10/945x331xPokemon-Go-Manager-945x331.png.pagespeed.ic.Tr2yPF4ufe.png]
[oliverstadie.com/post-term/gui-testing/index.html]
[oliverstadie.com/wp-content/uploads/2016/10/website-home274a.png]
[oliverstadie.com/post-term/karma/index.html]
[oliverstadie.com/wp-content/uploads/2016/10/website-iv-calc58d6.png]
[oliverstadie.com/post-term/junit/index.html]
[oliverstadie.com/wp-content/uploads/2016/10/responsive-inputs3133.gif]
[oliverstadie.com/post-term/chai/index.html]
[oliverstadie.com/wp-content/uploads/2016/10/responsive-inputs-2f3a7.gif]
[oliverstadie.com/post-term/mocha/index.html]
[oliverstadie.com/wp-content/uploads/2016/10/website-home-mobile838f.png]
[oliverstadie.com/post-term/capture-and-replay/index.html]
[oliverstadie.com/wp-content/plugins/jetpack/_inc/jquery.spin4e44.js]
[oliverstadie.com/pokemon-go-manager/index.html]
[oliverstadie.com/post-term/classification-tree-method/index.html]
[oliverstadie.com/post-term/teddymocks/index.html]
[oliverstadie.com/post-term/mockito/index.html]
[oliverstadie.com/post-term/continuous-integration/index.html]
[oliverstadie.com/wp-content/uploads/2016/05/stomap-featured-image.png]
[oliverstadie.com/post-term/automated-builds/index.html]
[oliverstadie.com/wp-json/oembed/1.0/embed1fa2.json]
[oliverstadie.com/post-term/travis-ci/index.html]
[oliverstadie.com/wp-json/oembed/1.0/embed14ca]
[oliverstadie.com/post-term/jenkins/index.html]
[oliverstadie.com/wp-content/uploads/2016/05/945x331xstomap-featured-image-945x331.png.pagespeed.ic.-DTNNCyi1v.png]
[oliverstadie.com/post-term/bower/index.html]
[oliverstadie.com/stomap-project-management-tool/index.html]
[oliverstadie.com/post-term/grunt/index.html]
[oliverstadie.com/post-term/gulp/index.html]
[oliverstadie.com/wp-content/uploads/2016/05/playotope-featured-image.png]
[oliverstadie.com/post-term/npm/index.html]
[oliverstadie.com/post-term/webpack/index.html]
[oliverstadie.com/wp-json/oembed/1.0/embeda90a.json]
[oliverstadie.com/post-term/tsd/index.html]
[oliverstadie.com/wp-json/oembed/1.0/embed716b]
[oliverstadie.com/post-term/yeoman/index.html]
[oliverstadie.com/wp-content/uploads/2016/05/945x331xplayotope-featured-image-945x331.png.pagespeed.ic.KKe36FJ_x1.png]
[oliverstadie.com/post-term/yo/index.html]
[oliverstadie.com/wp-content/uploads/2016/04/playotope-011952.png]
[oliverstadie.com/post-term/maven/index.html]
[oliverstadie.com/wp-content/uploads/2016/04/playotope-0251fd.png]
[oliverstadie.com/post-term/gradle/index.html]
[oliverstadie.com/wp-content/uploads/2016/04/playotope-03a9ad.png]
[oliverstadie.com/post-term/android/index.html]
[oliverstadie.com/wp-content/uploads/2016/04/playotope-04dadf.png]
[oliverstadie.com/post-term/ios/index.html]
[oliverstadie.com/wp-content/uploads/2016/04/playotope-05dadf.png]
[oliverstadie.com/post-term/intel-xdk/index.html]
[oliverstadie.com/wp-content/uploads/2016/04/playotope-06dadf.png]
[oliverstadie.com/post-term/cordova/index.html]
[oliverstadie.com/wp-content/uploads/2016/04/playotope-07dadf.png]
[oliverstadie.com/author/waog/index.html]
[oliverstadie.com/wp-content,_plugins,_jetpack,_modules,_carousel,_jetpack-carousel.js,qver==20160325+wp-includes,_js,_wp-embed.min.js,qver==4.5.32.pagespeed.jc.2-ua27d7Gy.js]
[oliverstadie.com/playotope-platform-game-maker/index.html]
[oliverstadie.com/pokemon-go-manager/feed/index.html]
[oliverstadie.com/category/uncategorized/index.html]
[oliverstadie.com/pokemon-go-manager/website-home/index.html]
[oliverstadie.com/pokemon-go-manager/website-iv-calc/index.html]
[oliverstadie.com/wp-content/uploads/2016/05/gui-testing-featured-image.png]
[oliverstadie.com/pokemon-go-manager/responsive-inputs/index.html]
[oliverstadie.com/wp-json/oembed/1.0/embeda6a7.json]
[oliverstadie.com/pokemon-go-manager/responsive-inputs-2/index.html]
[oliverstadie.com/wp-json/oembed/1.0/embed053d]
[oliverstadie.com/pokemon-go-manager/website-home-mobile/index.html]
[oliverstadie.com/wp-content/uploads/2016/05/gui-testing-featured-image-945x331.png]
[oliverstadie.com/wp-content,_plugins,_jetpack,_modules,_wpgroho.js,qver==4.5.32+wp-includes,_js,_masonry.min.js,qver==3.1.2+wp-content,_themes,_baskerville,_js,_imagesloaded.pkgd-2.js,]
[oliverstadie.com/wp-content/uploads/2016/04/closing-gaps-between-capture-and-replay-model-based-gui-testing.pdf]
[oliverstadie.com/wp-content/plugins/jetpack/modules/carousel,_jetpack-carousel.js,qver==20160325+tiled-gallery,_tiled-gallery,_tiled-gallery.js,qver==4.5.32.pagespeed.jc.w1GghEk_Hd.a]
[oliverstadie.com/stomap-project-management-tool/feed/index.html]
[oliverstadie.com/wp-content/uploads/2016/04/diplomarbeit_final_2015_06_26.pdf]
[oliverstadie.com/gui-testing/index.html]
[oliverstadie.com/blog/index.html]
[oliverstadie.com/wp-includes,_js,_jquery,_jquery-migrate.min.js,qver==1.4.1+wp-content,_plugins,_contact-bank,_assets,_js,_jquery.Tooltip.js,qver==4.5-2.32+wp-content,_plugins,_contact]
[oliverstadie.com/playotope-platform-game-maker/playotope-01/index.html]
[oliverstadie.com/wp-content/uploads/2016/05/computer-vision-featured-image2.png]
[oliverstadie.com/playotope-platform-game-maker/playotope-02/index.html]
[oliverstadie.com/wp-json/oembed/1.0/embedcf20.json]
[oliverstadie.com/playotope-platform-game-maker/playotope-03/index.html]
[oliverstadie.com/wp-json/oembed/1.0/embed19d7]
[oliverstadie.com/playotope-platform-game-maker/playotope-04-2/index.html]
[oliverstadie.com/playotope-platform-game-maker/playotope-06/index.html]
[oliverstadie.com/playotope-platform-game-maker/playotope-05/index.html]
[oliverstadie.com/wp-content/uploads/2016/05/computer-vision-featured-image2-945x331.png]
[oliverstadie.com/playotope-platform-game-maker/playotope-07/index.html]
[oliverstadie.com/software-architecture-design-an-overview/index.html]
[oliverstadie.com/wp-content/uploads/2016/04/student-research-paper.pdf]
[oliverstadie.com/computer-vision/index.html]
[oliverstadie.com/wp-content,_plugins,_jetpack,_modules,_wpgroho.js,qver==4.5.32+wp-includes,_js,_masonry.min.js,qver==3.1.2+wp-content,_themes,_baskerville,_js,_imagesloaded.pkgd-3.js,]
[oliverstadie.com/generali-heroes/index.html]
[oliverstadie.com/stackoverflow/index.html]
[oliverstadie.com/computer-vision/feed/index.html]
[oliverstadie.com/wikip3dia/index.html]
[oliverstadie.com/wp-content/uploads/2016/05/600x210xstomap-featured-image-600x210.png.pagespeed.ic.QSijKYCMvl.png]
[oliverstadie.com/teddy-defender/index.html]
[oliverstadie.com/wp-content/uploads/2015/04/600x210xblog-featured-image-600x210.png.pagespeed.ic.YkPuQ3RS0v.png]
[oliverstadie.com/cat-nav/all-it-projects/feed/index.html]
[oliverstadie.com/wp-content/uploads/2015/04/600x210xmeetup-featured-image-600x210.png.pagespeed.ic.xlyV3kbqV-.png]
[oliverstadie.com/meetup-software-architecture-design-berlin/index.html]
[oliverstadie.com/wp-content/uploads/2014/05/Software-Architecture-and-Design-An-Overview-featured-image-600x210.png]
[oliverstadie.com/wp-content/uploads/2016/04/600x174xautomotive_black_beauty_lamborghini_wallpaper-600x174.jpg.pagespeed.ic.WsywcHbEvs.jpg]
[oliverstadie.com/state-based-testing-software/index.html]
[oliverstadie.com/wp-content/uploads/2016/05/600x210xgui-testing-featured-image-600x210.png.pagespeed.ic.8hMEc-0wt0.png]
[oliverstadie.com/wp-content/uploads/2013/04/600x210xblubber-Featured-Image-600x210.png.pagespeed.ic._oEA-SLOP7.png]
[oliverstadie.com/blubber/index.html]
[oliverstadie.com/wp-content/uploads/2016/05/600x210xcomputer-vision-featured-image2-600x210.png.pagespeed.ic.x7QXXtwC9O.png]
[oliverstadie.com/wp-content/uploads/2013/04/Wikip3dia-Featured-Image-600x210.png]
[oliverstadie.com/wp-content/uploads/2013/04/ai-and-robotics-featured-image-600x210.png]
[oliverstadie.com/ai-robotics/index.html]
[oliverstadie.com/wp-content/uploads/2013/03/Academic-Work-Featured-Image-600x210.png]
[oliverstadie.com/cat-nav/all-it-projects/index.html]
[oliverstadie.com/academic-work/index.html]
[oliverstadie.com/consulting-soft-skills/index.html]
[oliverstadie.com/software-architecture-design/index.html]
[oliverstadie.com/project-management/index.html]
[oliverstadie.com/cat-nav/project-manager/index.html]
[oliverstadie.com/wp-content/uploads/2016/04/skills-game-development.png]
[oliverstadie.com/wp-json/oembed/1.0/embed03aa.json]
[oliverstadie.com/skills-game-development/feed/index.html]
[oliverstadie.com/wp-json/oembed/1.0/embedae7a]
[oliverstadie.com/wp-content/uploads/2016/04/945x331xskills-game-development-945x331.png.pagespeed.ic.bqvUBV3Spa.png]
[oliverstadie.com/wp-content/uploads/2014/10/332x166xgenres-01-e1464784199336.png,qw=332,ah=166,acrop=1.pagespeed.ic.fseFWrobtN.png]
[oliverstadie.com/wp-content/uploads/2014/10/332x166xgenres-02-e1464784172951.png,qw=332,ah=166,acrop=1.pagespeed.ic.Xp9o850baO.jpg]
[oliverstadie.com/chaos-cats/index.html]
[oliverstadie.com/wp-content/uploads/2014/10/genres-04-e1464784231767b0f0.png]
[oliverstadie.com/wp-content/uploads/2014/10/grenres-06-e1464784147433b0f0.png]
[oliverstadie.com/wp-content/uploads/2014/10/genres-03-e1464784098757b0f0.png]
[oliverstadie.com/wp-content/uploads/2014/10/grenres-05-e1464784216658b0f0.png]
[oliverstadie.com/post-term/platformer/index.html]
[oliverstadie.com/wp-content/uploads/2014/10/social-integration-011-e1413738591977a0d2.png]
[oliverstadie.com/post-term/economic-simulation/index.html]
[oliverstadie.com/wp-content/uploads/2014/10/social-integration-merged-buttons15a4.png]
[oliverstadie.com/post-term/shooter/index.html]
[oliverstadie.com/wp-content/uploads/2014/10/gui05-e1413740580208cc73.png]
[oliverstadie.com/post-term/point-and-click/index.html]
[oliverstadie.com/wp-content/uploads/2014/10/buy-crystals-greenpeace-e1413740916253cc73.png]
[oliverstadie.com/post-term/first-person/index.html]
[oliverstadie.com/wp-content/uploads/2014/10/catalog1-e1413741178507cc73.png]
[oliverstadie.com/post-term/real-time-games/index.html]
[oliverstadie.com/post-term/appointment-gaming/index.html]
[oliverstadie.com/wp-content/uploads/2014/10/web-integration-04-e14137444875893503.png]
[oliverstadie.com/post-term/action/index.html]
[oliverstadie.com/wp-content/uploads/2014/10/web-integration-02-e1413744445147a727.png]
[oliverstadie.com/post-term/2d/index.html]
[oliverstadie.com/wp-content/uploads/2014/10/web-integration-05-e14137442513391857.png]
[oliverstadie.com/post-term/isometic/index.html]
[oliverstadie.com/post-term/3d/index.html]
[oliverstadie.com/post-term/nature/index.html]
[oliverstadie.com/post-term/super-hero/index.html]
[oliverstadie.com/post-term/pirates/index.html]
[oliverstadie.com/post-term/urban/index.html]
[oliverstadie.com/post-term/invitations/index.html]
[oliverstadie.com/post-term/high-scores/index.html]
[oliverstadie.com/post-term/gifts/index.html]
[oliverstadie.com/post-term/social-integration/index.html]
[oliverstadie.com/post-term/virtual-currency/index.html]
[oliverstadie.com/post-term/shop/index.html]
[oliverstadie.com/post-term/freemium/index.html]
[oliverstadie.com/post-term/website/index.html]
[oliverstadie.com/post-term/construct-2/index.html]
[oliverstadie.com/post-term/jmonkeyengine/index.html]
[oliverstadie.com/post-term/own-game-engine/index.html]
[oliverstadie.com/post-term/software-architecture/index.html]
[oliverstadie.com/post-term/software-design/index.html]
[oliverstadie.com/skills-game-development/index.html]
[oliverstadie.com/wp-content/uploads/2016/05/towel-defence-featured-image-e1464950089504.png]
[oliverstadie.com/wp-json/oembed/1.0/embed1098.json]
[oliverstadie.com/wp-json/oembed/1.0/embed3718]
[oliverstadie.com/towel-defence/feed/index.html]
[oliverstadie.com/wp-content/uploads/2016/05/towel-defence-featured-image-e1464950089504-945x330.png]
[oliverstadie.com/wp-content/plugins/jetpack/modules/carousel/jetpack-carousel.js,qver=20160325.pagespeed.jm.qi5Hu90GyI.js]
[oliverstadie.com/wp-content/plugins/jetpack/modules/shortcodes/js/jquery.cycle7c48.js]
[oliverstadie.com/wp-content/plugins/jetpack/modules/shortcodes/js/slideshow-shortcode8d64.js]
[oliverstadie.com/towel-defence/index.html]
[oliverstadie.com/wp-content/uploads/2016/05/forests-of-eden-featured-image.png]
[oliverstadie.com/wp-json/oembed/1.0/embedfee6.json]
[oliverstadie.com/wp-json/oembed/1.0/embedbc3b]
[oliverstadie.com/wp-content/uploads/2016/05/945x331xforests-of-eden-featured-image-945x331.png.pagespeed.ic.kLEofuz3k5.png]
[oliverstadie.com/wp-content/uploads/2016/04/forest61ab.jpg]
[oliverstadie.com/forests-of-eden/forest/index.html]
[oliverstadie.com/wp-content/uploads/2016/04/buy-crystals-greenpeace32c8.png]
[oliverstadie.com/forests-of-eden/buy-crystals-greenpeace-3/index.html]
[oliverstadie.com/wp-content/uploads/2016/04/buy-crystals-neutral2eec.png]
[oliverstadie.com/forests-of-eden/buy-crystals-neutral/index.html]
[oliverstadie.com/wp-content/uploads/2016/04/catalog32c8.png]
[oliverstadie.com/forests-of-eden/catalog-3/index.html]
[oliverstadie.com/wp-content/uploads/2016/04/collect-things2eec.jpg]
[oliverstadie.com/forests-of-eden/collect-things/index.html]
[oliverstadie.com/wp-content/uploads/2016/04/herbs-in-garden61ab.jpg]
[oliverstadie.com/forests-of-eden/herbs-in-garden/index.html]
[oliverstadie.com/wp-content/uploads/2016/04/robert-quest1bae.jpg]
[oliverstadie.com/forests-of-eden/robert-quest/index.html]
[oliverstadie.com/wp-content/uploads/2016/04/tina-quest2eec.jpg]
[oliverstadie.com/forests-of-eden/tina-quest/index.html]
[oliverstadie.com/wp-content/uploads/2016/04/wanto-topic2eec.jpg]
[oliverstadie.com/forests-of-eden/index.html]
[oliverstadie.com/forests-of-eden/wanto-topic/index.html]
[oliverstadie.com/wp-content/uploads/2016/05/game-jams-and-prototypes-featured-image1.png]
[oliverstadie.com/wp-json/oembed/1.0/embedc8d2.json]
[oliverstadie.com/game-jams-prototypes/feed/index.html]
[oliverstadie.com/wp-json/oembed/1.0/embed653c]
[oliverstadie.com/wp-content/uploads/2016/05/game-jams-and-prototypes-featured-image1-945x331.png]
[oliverstadie.com/wp-content/uploads/2016/04/teleportcc73.png]
[oliverstadie.com/game-jams-prototypes/teleport/index.html]
[oliverstadie.com/wp-content/uploads/2016/04/gameplay_editcc73.gif]
[oliverstadie.com/game-jams-prototypes/gameplay_edit/index.html]
[oliverstadie.com/wp-content/uploads/2016/04/game-over1cc73.png]
[oliverstadie.com/game-jams-prototypes/game-over-2/index.html]
[oliverstadie.com/wp-content/uploads/2016/04/gameplaycc73.png]
[oliverstadie.com/game-jams-prototypes/gameplay/index.html]
[oliverstadie.com/wp-content/uploads/2016/04/main-menu1cc73.png]
[oliverstadie.com/wp-content/uploads/2016/04/tutorialcc73.png]
[oliverstadie.com/game-jams-prototypes/main-menu-2/index.html]
[oliverstadie.com/game-jams-prototypes/tutorial/index.html]
[oliverstadie.com/wp-content/uploads/2016/04/main-menucc73.png]
[oliverstadie.com/game-jams-prototypes/main-menu/index.html]
[oliverstadie.com/wp-content/uploads/2016/04/screenshot_1-1cc73.png]
[oliverstadie.com/game-jams-prototypes/screenshot_1-2/index.html]
[oliverstadie.com/wp-content/uploads/2016/04/screenshot_2cc73.png]
[oliverstadie.com/game-jams-prototypes/screenshot_2/index.html]
[oliverstadie.com/wp-content/uploads/2016/04/screenshot_11cc73.png]
[oliverstadie.com/game-jams-prototypes/screenshot_1-3/index.html]
[oliverstadie.com/wp-content/uploads/2016/04/zombieogremmocc73.png]
[oliverstadie.com/game-jams-prototypes/zombieogremmo/index.html]
[oliverstadie.com/wp-content/uploads/2016/04/screenshot_21cc73.png]
[oliverstadie.com/game-jams-prototypes/screenshot_2-2/index.html]
[oliverstadie.com/wp-content/uploads/2016/04/screenshot_after_8_hourscc73.png]
[oliverstadie.com/game-jams-prototypes/screenshot_after_8_hours/index.html]
[oliverstadie.com/wp-content/uploads/2016/04/tutorial2cc73.png]
[oliverstadie.com/game-jams-prototypes/tutorial-3/index.html]
[oliverstadie.com/wp-content/uploads/2016/04/dangercc73.png]
[oliverstadie.com/game-jams-prototypes/danger/index.html]
[oliverstadie.com/wp-content/uploads/2016/04/attackcc73.png]
[oliverstadie.com/game-jams-prototypes/attack/index.html]
[oliverstadie.com/wp-content/uploads/2016/04/hitcc73.png]
[oliverstadie.com/game-jams-prototypes/hit/index.html]
[oliverstadie.com/wp-content/uploads/2016/04/tutorial1cc73.png]
[oliverstadie.com/game-jams-prototypes/tutorial-2/index.html]
[oliverstadie.com/wp-content/uploads/2016/04/blubber209a.png]
[oliverstadie.com/asteroids/index.html]
[oliverstadie.com/wp-content/uploads/2016/04/asteroids209a.png]
[oliverstadie.com/minecraft-clone/index.html]
[oliverstadie.com/wp-content/uploads/2016/04/minecraft__140227211000209a.jpg]
[oliverstadie.com/reverse-rpg/index.html]
[oliverstadie.com/wp-content/uploads/2016/04/farbexperiment209a.jpg]
[oliverstadie.com/wp-content/uploads/2016/04/start-loading209a.png]
[oliverstadie.com/wp-content/uploads/2014/10/grenres-06-e1464784147433209a.png]
[oliverstadie.com/game-jams-prototypes/index.html]
[oliverstadie.com/dipl-inf-oliver-stadie/index.html]
[oliverstadie.com/wp-content/uploads/2014/04/600x210xgenerali-advergame-featured-image-1-600x210.png.pagespeed.ic.kQmdAyrtbI.png]
[oliverstadie.com/cat-nav/all-game-projects/feed/index.html]
[oliverstadie.com/wp-content/uploads/2016/04/600x196xgui05-kopie-600x196.png.pagespeed.ic.EviN0T92IS.png]
[oliverstadie.com/wp-content/uploads/2016/04/600x263xminecraft__140227211000-600x263.jpg.pagespeed.ic.XDCcx9SMNW.jpg]
[oliverstadie.com/wp-content/uploads/2013/04/Asteroids-Featured-Image-600x210.png]
[oliverstadie.com/wp-content/uploads/2013/04/RRPG-Featured-Image-600x210.png]
[oliverstadie.com/wp-content/uploads/2016/04/start-loading-600x424.png]
[oliverstadie.com/wp-content/uploads/2013/04/600x210xWikip3dia-Featured-Image-600x210.png.pagespeed.ic.K9LMxLAVZR.png]
[oliverstadie.com/cat-nav/all-game-projects/index.html]
[oliverstadie.com/wp-content/uploads/2014/05/600x210xSoftware-Architecture-and-Design-An-Overview-featured-image-600x210.png.pagespeed.ic.4RJ728pBRI.png]
[oliverstadie.com/cat-nav/consulting-soft-skills/feed/index.html]
[oliverstadie.com/wp-content/uploads/2014/04/600x210xstackoverflow-featured-image-600x210.png.pagespeed.ic.sDxrrB2HQ3.png]
[oliverstadie.com/wp-content/uploads/2013/03/600x210xAcademic-Work-Featured-Image-600x210.png.pagespeed.ic.1MEYYXUMjE.png]
[oliverstadie.com/cat-nav/consulting-soft-skills/index.html]
[oliverstadie.com/wp-content/uploads/2013/04/600x210xAsteroids-Featured-Image-600x210.png.pagespeed.ic.Rj8VwG4MjM.png]
[oliverstadie.com/post-term/web/feed/index.html]
[oliverstadie.com/wp-content/uploads/2013/04/600x210xRRPG-Featured-Image-600x210.png.pagespeed.ic.nWW4AU92M0.png]
[oliverstadie.com/post-term/web/index.html]
[oliverstadie.com/wp-content/uploads/2016/04/600x424xstart-loading-600x424.png.pagespeed.ic.Bu0DWSrRJf.png]
[oliverstadie.com/post-term/app/index.html]
[oliverstadie.com/post-term/app/feed/index.html]
[oliverstadie.com/post-term/mobile/index.html]
[oliverstadie.com/post-term/mobile/feed/index.html]
[oliverstadie.com/post-term/client-server/index.html]
[oliverstadie.com/post-term/client-server/feed/index.html]
[oliverstadie.com/wp-content/uploads/2013/04/600x210xai-and-robotics-featured-image-600x210.png.pagespeed.ic.Uhhn9sGSF3.png]
[oliverstadie.com/post-term/native/feed/index.html]
[oliverstadie.com/post-term/native/index.html]
[oliverstadie.com/post-term/real-time-sw/index.html]
[oliverstadie.com/post-term/real-time-sw/feed/index.html]
[oliverstadie.com/post-term/ui/index.html]
[oliverstadie.com/post-term/ui/feed/index.html]
[oliverstadie.com/post-term/custom-editor/index.html]
[oliverstadie.com/post-term/custom-editor/feed/index.html]
[oliverstadie.com/post-term/custom-test-framework/index.html]
[oliverstadie.com/post-term/custom-test-framework/feed/index.html]
[oliverstadie.com/post-term/linux/index.html]
[oliverstadie.com/post-term/windows/index.html]
[oliverstadie.com/post-term/linux/feed/index.html]
[oliverstadie.com/post-term/docker/index.html]
[oliverstadie.com/post-term/windows/feed/index.html]
[oliverstadie.com/post-term/aws/index.html]
[oliverstadie.com/post-term/docker/feed/index.html]
[oliverstadie.com/post-term/aws/feed/index.html]
[oliverstadie.com/post-term/google-app-engine/index.html]
[oliverstadie.com/post-term/raspberry-pi/index.html]
[oliverstadie.com/post-term/raspberry-pi/feed/index.html]
[oliverstadie.com/post-term/svn/index.html]
[oliverstadie.com/post-term/google-app-engine/feed/index.html]
[oliverstadie.com/post-term/github/index.html]
[oliverstadie.com/post-term/svn/feed/index.html]
[oliverstadie.com/post-term/eclipse/index.html]
[oliverstadie.com/post-term/github/feed/index.html]
[oliverstadie.com/post-term/visual-studio/index.html]
[oliverstadie.com/post-term/visual-studio/feed/index.html]
[oliverstadie.com/post-term/unity/index.html]
[oliverstadie.com/post-term/eclipse/feed/index.html]
[oliverstadie.com/post-term/netbeans/index.html]
[oliverstadie.com/post-term/unity/feed/index.html]
[oliverstadie.com/post-term/netbeans/feed/index.html]
[oliverstadie.com/post-term/intellij-idea/index.html]
[oliverstadie.com/post-term/sublime/index.html]
[oliverstadie.com/post-term/intellij-idea/feed/index.html]
[oliverstadie.com/post-term/notepad/index.html]
[oliverstadie.com/post-term/flash/index.html]
[oliverstadie.com/post-term/sublime/feed/index.html]
[oliverstadie.com/post-term/monodevelop/index.html]
[oliverstadie.com/post-term/flash/feed/index.html]
[oliverstadie.com/post-term/notepad/feed/index.html]
[oliverstadie.com/post-term/uml/index.html]
[oliverstadie.com/cat-nav/software-architecture-design/index.html]
[oliverstadie.com/post-term/monodevelop/feed/index.html]
[oliverstadie.com/post-term/model-based/index.html]
[oliverstadie.com/cat-nav/software-architecture-design/feed/index.html]
[oliverstadie.com/post-term/java/index.html]
[oliverstadie.com/post-term/uml/feed/index.html]
[oliverstadie.com/post-term/typescript/index.html]
[oliverstadie.com/post-term/model-based/feed/index.html]
[oliverstadie.com/post-term/html5/index.html]
[oliverstadie.com/post-term/java/feed/index.html]
[oliverstadie.com/post-term/javascript/index.html]
[oliverstadie.com/post-term/typescript/feed/index.html]
[oliverstadie.com/post-term/css/index.html]
[oliverstadie.com/post-term/html5/feed/index.html]
[oliverstadie.com/post-term/ecmascript-6/index.html]
[oliverstadie.com/post-term/javascript/feed/index.html]
[oliverstadie.com/post-term/csharp/index.html]
[oliverstadie.com/post-term/ecmascript-6/feed/index.html]
[oliverstadie.com/post-term/css/feed/index.html]
[oliverstadie.com/post-term/cpp/index.html]
[oliverstadie.com/post-term/actionscript/index.html]
[oliverstadie.com/post-term/csharp/feed/index.html]
[oliverstadie.com/post-term/xml/index.html]
[oliverstadie.com/post-term/cpp/feed/index.html]
[oliverstadie.com/post-term/actionscript/feed/index.html]
[oliverstadie.com/post-term/xsd/index.html]
[oliverstadie.com/post-term/angular/index.html]
[oliverstadie.com/post-term/xml/feed/index.html]
[oliverstadie.com/post-term/react/index.html]
[oliverstadie.com/post-term/angular/feed/index.html]
[oliverstadie.com/post-term/xsd/feed/index.html]
[oliverstadie.com/post-term/jquery/index.html]
[oliverstadie.com/post-term/bootstrap/index.html]
[oliverstadie.com/post-term/react/feed/index.html]
[oliverstadie.com/post-term/nodejs/index.html]
[oliverstadie.com/post-term/jquery/feed/index.html]
[oliverstadie.com/post-term/express/index.html]
[oliverstadie.com/post-term/bootstrap/feed/index.html]
[oliverstadie.com/post-term/nodejs/feed/index.html]
[oliverstadie.com/post-term/eclipse-rcp/index.html]
[oliverstadie.com/post-term/mongodb/index.html]
[oliverstadie.com/post-term/express/feed/index.html]
[oliverstadie.com/post-term/mongoose/index.html]
[oliverstadie.com/post-term/mongodb/feed/index.html]
[oliverstadie.com/post-term/eclipse-rcp/feed/index.html]
[oliverstadie.com/post-term/emf/index.html]
[oliverstadie.com/post-term/google-analytics/index.html]
[oliverstadie.com/post-term/mongoose/feed/index.html]
[oliverstadie.com/post-term/github-api/index.html]
[oliverstadie.com/post-term/emf/feed/index.html]
[oliverstadie.com/post-term/osgi/index.html]
[oliverstadie.com/post-term/google-analytics/feed/index.html]
[oliverstadie.com/post-term/github-api/feed/index.html]
[oliverstadie.com/post-term/facebook/index.html]
[oliverstadie.com/post-term/twitter/index.html]
[oliverstadie.com/post-term/osgi/feed/index.html]
[oliverstadie.com/post-term/paypal-api/index.html]
[oliverstadie.com/post-term/paypal-api/feed/index.html]
[oliverstadie.com/post-term/jquery-ui/index.html]
[oliverstadie.com/post-term/facebook/feed/index.html]
[oliverstadie.com/post-term/twitter/feed/index.html]
[oliverstadie.com/post-term/oauth2/index.html]
[oliverstadie.com/post-term/lodash/index.html]
[oliverstadie.com/post-term/jquery-ui/feed/index.html]
[oliverstadie.com/post-term/underscore/index.html]
[oliverstadie.com/post-term/lodash/feed/index.html]
[oliverstadie.com/post-term/java-servlets/index.html]
[oliverstadie.com/post-term/oauth2/feed/index.html]
[oliverstadie.com/post-term/underscore/feed/index.html]
[oliverstadie.com/post-term/qr-codes/index.html]
[oliverstadie.com/post-term/testing/index.html]
[oliverstadie.com/post-term/java-servlets/feed/index.html]
[oliverstadie.com/post-term/gui-testing/index.html]
[oliverstadie.com/post-term/qr-codes/feed/index.html]
[oliverstadie.com/post-term/karma/index.html]
[oliverstadie.com/post-term/karma/feed/index.html]
[oliverstadie.com/post-term/gui-testing/feed/index.html]
[oliverstadie.com/post-term/junit/index.html]
[oliverstadie.com/post-term/chai/index.html]
[oliverstadie.com/post-term/testing/feed/index.html]
[oliverstadie.com/post-term/mocha/index.html]
[oliverstadie.com/post-term/chai/feed/index.html]
[oliverstadie.com/post-term/capture-and-replay/index.html]
[oliverstadie.com/post-term/junit/feed/index.html]
[oliverstadie.com/post-term/mocha/feed/index.html]
[oliverstadie.com/post-term/classification-tree-method/index.html]
[oliverstadie.com/post-term/teddymocks/index.html]
[oliverstadie.com/post-term/capture-and-replay/feed/index.html]
[oliverstadie.com/post-term/mockito/index.html]
[oliverstadie.com/post-term/teddymocks/feed/index.html]
[oliverstadie.com/post-term/classification-tree-method/feed/index.html]
[oliverstadie.com/post-term/continuous-integration/index.html]
[oliverstadie.com/post-term/automated-builds/index.html]
[oliverstadie.com/post-term/mockito/feed/index.html]
[oliverstadie.com/post-term/travis-ci/index.html]
[oliverstadie.com/post-term/continuous-integration/feed/index.html]
[oliverstadie.com/post-term/jenkins/index.html]
[oliverstadie.com/post-term/travis-ci/feed/index.html]
[oliverstadie.com/post-term/automated-builds/feed/index.html]
[oliverstadie.com/post-term/bower/index.html]
[oliverstadie.com/post-term/grunt/index.html]
[oliverstadie.com/post-term/jenkins/feed/index.html]
[oliverstadie.com/post-term/gulp/index.html]
[oliverstadie.com/post-term/bower/feed/index.html]
[oliverstadie.com/post-term/grunt/feed/index.html]
[oliverstadie.com/post-term/npm/index.html]
[oliverstadie.com/post-term/webpack/index.html]
[oliverstadie.com/post-term/gulp/feed/index.html]
[oliverstadie.com/post-term/tsd/index.html]
[oliverstadie.com/post-term/webpack/feed/index.html]
[oliverstadie.com/post-term/npm/feed/index.html]
[oliverstadie.com/post-term/yeoman/index.html]
[oliverstadie.com/post-term/yo/index.html]
[oliverstadie.com/post-term/tsd/feed/index.html]
[oliverstadie.com/post-term/maven/index.html]
[oliverstadie.com/post-term/yo/feed/index.html]
[oliverstadie.com/post-term/yeoman/feed/index.html]
[oliverstadie.com/post-term/maven/feed/index.html]
[oliverstadie.com/post-term/gradle/index.html]
[oliverstadie.com/post-term/android/index.html]
[oliverstadie.com/post-term/ios/index.html]
[oliverstadie.com/post-term/gradle/feed/index.html]
[oliverstadie.com/post-term/intel-xdk/index.html]
[oliverstadie.com/post-term/android/feed/index.html]
[oliverstadie.com/post-term/intel-xdk/feed/index.html]
[oliverstadie.com/post-term/ios/feed/index.html]
[oliverstadie.com/wp-content/plugins/contact-bank/assets/css/stylesheet1992.css]
[oliverstadie.com/wp-content/plugins/contact-bank/assets/css/system-message1992.css]
[oliverstadie.com/wp-content/themes/baskerville/style1992.css]
[oliverstadie.com/wp-content/plugins/jetpack/css/jetpack1678.css]
[oliverstadie.com/wp-content/plugins/jetpack/modules/photon/photonb3d9.js]
[oliverstadie.com/post-term/cordova/index.html]
[oliverstadie.com/post-term/cordova/feed/index.html]
[oliverstadie.com/wp-content/uploads/2014/04/generali-advergame-featured-image-1-600x210.png]
[oliverstadie.com/wp-content/plugins/custom-twitter-feeds/js/ctf-scriptsc64e.js]
[oliverstadie.com/wp-content/uploads/2016/04/gui05-kopie-600x196.png]
[oliverstadie.com/author/waog/feed/index.html]
[oliverstadie.com/wp-content/uploads/2016/04/minecraft__140227211000-600x263.jpg]
[oliverstadie.com/author/waog/index.html]
[oliverstadie.com/category/uncategorized/index.html]
[oliverstadie.com/category/uncategorized/feed/index.html]
[oliverstadie.com/wp-content/uploads/2016/10/website-home.png]
[oliverstadie.com/wp-json/oembed/1.0/embed402e.json]
[oliverstadie.com/wp-json/oembed/1.0/embedba40]
[oliverstadie.com/wp-content/uploads/2016/10/945x610xwebsite-home-945x610.png.pagespeed.ic.0UTAXC07XZ.png]
[oliverstadie.com/pokemon-go-manager/website-home/index.html]
[oliverstadie.com/wp-content/uploads/2016/10/website-iv-calc.png]
[oliverstadie.com/wp-json/oembed/1.0/embed9067.json]
[oliverstadie.com/wp-json/oembed/1.0/embed4cca]
[oliverstadie.com/wp-content/uploads/2016/10/945x703xwebsite-iv-calc-945x703.png.pagespeed.ic.iH9pNun--8.png]
[oliverstadie.com/pokemon-go-manager/website-iv-calc/index.html]
[oliverstadie.com/wp-content/uploads/2016/10/responsive-inputs.gif]
[oliverstadie.com/wp-json/oembed/1.0/embede9cd.json]
[oliverstadie.com/wp-json/oembed/1.0/embed5cd4]
[oliverstadie.com/wp-content/uploads/2016/10/responsive-inputs.gif.pagespeed.ce.FRhx1BnZck.gif]
[oliverstadie.com/pokemon-go-manager/responsive-inputs/index.html]
[oliverstadie.com/wp-content/uploads/2016/10/responsive-inputs-2.gif]
[oliverstadie.com/wp-json/oembed/1.0/embedd962.json]
[oliverstadie.com/wp-json/oembed/1.0/embedf2ba]
[oliverstadie.com/wp-content/uploads/2016/10/responsive-inputs-2.gif.pagespeed.ce.gsxzczZo_k.gif]
[oliverstadie.com/pokemon-go-manager/responsive-inputs-2/index.html]
[oliverstadie.com/wp-content/uploads/2016/10/website-home-mobile.png]
[oliverstadie.com/wp-json/oembed/1.0/embed2029.json]
[oliverstadie.com/wp-json/oembed/1.0/embedcf0a]
[oliverstadie.com/wp-content/uploads/2016/10/361x640xwebsite-home-mobile.png.pagespeed.ic.KZ1hZ6853I.png]
[oliverstadie.com/pokemon-go-manager/website-home-mobile/index.html]
[oliverstadie.com/wp-content/uploads/2015/04/blog-featured-image.png]
[oliverstadie.com/wp-json/oembed/1.0/embedcab6.json]
[oliverstadie.com/blog/feed/index.html]
[oliverstadie.com/wp-json/oembed/1.0/embedc8d7]
[oliverstadie.com/wp-content/uploads/2015/04/945x331xblog-featured-image-945x331.png.pagespeed.ic.dMFztcpCQs.png]
[oliverstadie.com/blog/index.html]
[oliverstadie.com/wp-content/uploads/2016/04/playotope-01.png]
[oliverstadie.com/playotope-platform-game-maker/playotope-01/feed/index.html]
[oliverstadie.com/wp-json/oembed/1.0/embed5f7f.json]
[oliverstadie.com/wp-json/oembed/1.0/embed0dc6]
[oliverstadie.com/wp-content/uploads/2016/04/840x739xplayotope-01.png.pagespeed.ic.UENyuzOAcs.png]
[oliverstadie.com/playotope-platform-game-maker/playotope-01/index.html]
[oliverstadie.com/wp-content/uploads/2016/04/playotope-02.png]
[oliverstadie.com/wp-json/oembed/1.0/embed6a56.json]
[oliverstadie.com/playotope-platform-game-maker/playotope-02/feed/index.html]
[oliverstadie.com/wp-json/oembed/1.0/embedef0a]
[oliverstadie.com/wp-content/uploads/2016/04/playotope-02.png.pagespeed.ce.XDK1pjGxFr.png]
[oliverstadie.com/playotope-platform-game-maker/playotope-02/index.html]
[oliverstadie.com/wp-content/uploads/2016/04/playotope-03.png]
[oliverstadie.com/wp-json/oembed/1.0/embed23f6.json]
[oliverstadie.com/playotope-platform-game-maker/playotope-03/feed/index.html]
[oliverstadie.com/wp-json/oembed/1.0/embed373c]
[oliverstadie.com/wp-content/uploads/2016/04/playotope-03.png.pagespeed.ce.y-bVmxk7MQ.png]
[oliverstadie.com/playotope-platform-game-maker/playotope-03/index.html]
[oliverstadie.com/wp-content/uploads/2016/04/playotope-04.png]
[oliverstadie.com/playotope-platform-game-maker/playotope-04-2/feed/index.html]
[oliverstadie.com/wp-json/oembed/1.0/embed6d2d.json]
[oliverstadie.com/wp-json/oembed/1.0/embedf5d2]
[oliverstadie.com/wp-content/uploads/2016/04/playotope-04.png.pagespeed.ce.UrCI8KPv-_.png]
[oliverstadie.com/playotope-platform-game-maker/playotope-04-2/index.html]
[oliverstadie.com/wp-content/uploads/2016/04/playotope-05.png]
[oliverstadie.com/wp-json/oembed/1.0/embed1eda.json]
[oliverstadie.com/playotope-platform-game-maker/playotope-05/feed/index.html]
[oliverstadie.com/wp-json/oembed/1.0/embed887b]
[oliverstadie.com/wp-content/uploads/2016/04/playotope-05.png.pagespeed.ce.Odh9agcRwr.png]
[oliverstadie.com/playotope-platform-game-maker/playotope-05/index.html]
[oliverstadie.com/wp-content/uploads/2016/04/playotope-06.png]
[oliverstadie.com/wp-json/oembed/1.0/embeda9dd.json]
[oliverstadie.com/wp-json/oembed/1.0/embed1e63]
[oliverstadie.com/playotope-platform-game-maker/playotope-06/feed/index.html]
[oliverstadie.com/wp-content/uploads/2016/04/playotope-06.png.pagespeed.ce.g3gm2Bb2Aq.png]
[oliverstadie.com/playotope-platform-game-maker/playotope-06/index.html]
[oliverstadie.com/wp-content/uploads/2016/04/playotope-07.png]
[oliverstadie.com/playotope-platform-game-maker/playotope-07/feed/index.html]
[oliverstadie.com/wp-json/oembed/1.0/embed3b09.json]
[oliverstadie.com/wp-json/oembed/1.0/embed7e1e]
[oliverstadie.com/wp-content/uploads/2016/04/playotope-07.png.pagespeed.ce.-w2qq6ZIDY.png]
[oliverstadie.com/playotope-platform-game-maker/playotope-07/index.html]
[oliverstadie.com/wp-content/uploads/2014/05/Software-Architecture-and-Design-An-Overview-featured-image.png]
[oliverstadie.com/wp-json/oembed/1.0/embed3c80.json]
[oliverstadie.com/software-architecture-design-an-overview/feed/index.html]
[oliverstadie.com/wp-json/oembed/1.0/embed4f42]
[oliverstadie.com/wp-content/uploads/2014/05/945x331xSoftware-Architecture-and-Design-An-Overview-featured-image-945x331.png.pagespeed.ic.k64EThMM8x.png]
[oliverstadie.com/software-architecture-design-an-overview/index.html]
[oliverstadie.com/wp-content/uploads/2016/04/diplomarbeit_final_2015_06_26.pdf]
[oliverstadie.com/wp-content/uploads/2014/04/generali-advergame-featured-image-1.png]
[oliverstadie.com/wp-json/oembed/1.0/embedf4ab.json]
[oliverstadie.com/generali-heroes/feed/index.html]
[oliverstadie.com/wp-json/oembed/1.0/embed185a]
[oliverstadie.com/wp-content/uploads/2014/04/945x330xgenerali-advergame-featured-image-1-945x330.png.pagespeed.ic.DU-2qTQVzX.png]
[oliverstadie.com/wp-content/uploads/2016/04/generaligame-018cac.png]
[oliverstadie.com/wp-content/uploads/2016/04/generaligame-02c751.png]
[oliverstadie.com/generali-heroes/generaligame-01/index.html]
[oliverstadie.com/wp-content/uploads/2016/04/generaligame-03c751.png]
[oliverstadie.com/generali-heroes/generaligame-02/index.html]
[oliverstadie.com/wp-content/uploads/2016/04/generaligame-052b4f.png]
[oliverstadie.com/generali-heroes/generaligame-03/index.html]
[oliverstadie.com/wp-content/uploads/2016/04/generaligame-07c751.png]
[oliverstadie.com/generali-heroes/generaligame-05/index.html]
[oliverstadie.com/wp-content/uploads/2016/04/generaligame-06c751.png]
[oliverstadie.com/generali-heroes/generaligame-07/index.html]
[oliverstadie.com/wp-content/uploads/2016/04/generaligame-04d9d5.png]
[oliverstadie.com/generali-heroes/generaligame-06/index.html]
[oliverstadie.com/wp-content/uploads/2016/04/generaligame-08d9d5.png]
[oliverstadie.com/generali-heroes/index.html]
[oliverstadie.com/generali-heroes/generaligame-04/index.html]
[oliverstadie.com/generali-heroes/generaligame-08/index.html]
[oliverstadie.com/wp-content/uploads/2014/04/stackoverflow-featured-image.png]
[oliverstadie.com/stackoverflow/feed/index.html]
[oliverstadie.com/wp-json/oembed/1.0/embed0667.json]
[oliverstadie.com/wp-json/oembed/1.0/embeddb7b]
[oliverstadie.com/wp-content/uploads/2014/04/945x331xstackoverflow-featured-image-945x331.png.pagespeed.ic.nlZ18qDof0.png]
[oliverstadie.com/stackoverflow/index.html]
[oliverstadie.com/wp-content/uploads/2013/04/Wikip3dia-Featured-Image.png]
[oliverstadie.com/wp-json/oembed/1.0/embed0f1f.json]
[oliverstadie.com/wikip3dia/feed/index.html]
[oliverstadie.com/wp-json/oembed/1.0/embed18a6]
[oliverstadie.com/wp-content/uploads/2013/04/945x330xWikip3dia-Featured-Image-945x330.png.pagespeed.ic.W2Eln9yhgC.png]
[oliverstadie.com/wp-content/uploads/2016/05/wikip3diareport.pdf]
[oliverstadie.com/wikip3dia/index.html]
[oliverstadie.com/wp-content/uploads/2016/04/start-loading.png]
[oliverstadie.com/wp-json/oembed/1.0/embed74cc.json]
[oliverstadie.com/wp-json/oembed/1.0/embedd346]
[oliverstadie.com/teddy-defender/feed/index.html]
[oliverstadie.com/wp-content/uploads/2016/04/945x668xstart-loading-945x668.png.pagespeed.ic.Ecd4v03mXq.png]
[oliverstadie.com/wp-content/uploads/2016/05/ghosts5420.gif]
[oliverstadie.com/teddy-defender/ghosts/index.html]
[oliverstadie.com/wp-content/uploads/2016/05/start-loading-smalle5fa.png]
[oliverstadie.com/teddy-defender/start-loading-small/index.html]
[oliverstadie.com/wp-content/uploads/2016/05/teddy-attacking95df.gif]
[oliverstadie.com/teddy-defender/teddy-attacking/index.html]
[oliverstadie.com/wp-content/uploads/2016/05/160229-top-view-with-monster1b65a.png]
[oliverstadie.com/teddy-defender/160229-top-view-with-monster/index.html]
[oliverstadie.com/wp-content/uploads/2016/05/teddy-moving388a.gif]
[oliverstadie.com/teddy-defender/index.html]
[oliverstadie.com/teddy-defender/teddy-moving/index.html]
[oliverstadie.com/wp-content/uploads/2015/04/meetup-featured-image.png]
[oliverstadie.com/wp-json/oembed/1.0/embede7b0.json]
[oliverstadie.com/meetup-software-architecture-design-berlin/feed/index.html]
[oliverstadie.com/wp-json/oembed/1.0/embed22ef]
[oliverstadie.com/wp-content/uploads/2015/04/945x331xmeetup-featured-image-945x331.png.pagespeed.ic.1FWNZiDwdP.png]
[oliverstadie.com/meetup-software-architecture-design-berlin/index.html]
[oliverstadie.com/wp-content/uploads/2016/04/automotive_black_beauty_lamborghini_wallpaper.jpg]
[oliverstadie.com/state-based-testing-software/feed/index.html]
[oliverstadie.com/wp-json/oembed/1.0/embed7e65.json]
[oliverstadie.com/wp-json/oembed/1.0/embed2780]
[oliverstadie.com/wp-content/uploads/2016/04/945x274xautomotive_black_beauty_lamborghini_wallpaper-945x274.jpg.pagespeed.ic.ZO9JTOxU5z.jpg]
[oliverstadie.com/state-based-testing-software/index.html]
[oliverstadie.com/wp-content/uploads/2013/04/blubber-Featured-Image.png]
[oliverstadie.com/wp-json/oembed/1.0/embed22c6.json]
[oliverstadie.com/blubber/feed/index.html]
[oliverstadie.com/wp-json/oembed/1.0/embeda9f5]
[oliverstadie.com/wp-content/uploads/2013/04/945x331xblubber-Featured-Image-945x331.png.pagespeed.ic.uE5RoBHDeb.png]
[oliverstadie.com/blubber/index.html]
[oliverstadie.com/wp-content/uploads/2013/04/ai-and-robotics-featured-image.png]
[oliverstadie.com/wp-json/oembed/1.0/embedceb9.json]
[oliverstadie.com/ai-robotics/feed/index.html]
[oliverstadie.com/wp-json/oembed/1.0/embed91cd]
[oliverstadie.com/wp-content/uploads/2013/04/945x331xai-and-robotics-featured-image-945x331.png.pagespeed.ic.Yca3jj3Ygv.png]
[oliverstadie.com/wp-content/uploads/2016/05/paper-adaptive-grasping-for-a-small-humanoid-robot.pdf]
[oliverstadie.com/ai-robotics/index.html]
[oliverstadie.com/wp-content/uploads/2013/03/Academic-Work-Featured-Image.png]
[oliverstadie.com/wp-json/oembed/1.0/embed4c54.json]
[oliverstadie.com/academic-work/feed/index.html]
[oliverstadie.com/wp-json/oembed/1.0/embed4924]
[oliverstadie.com/wp-content/uploads/2013/03/945x331xAcademic-Work-Featured-Image-945x331.png.pagespeed.ic.HxFysQTDlL.png]
[oliverstadie.com/wp-content/uploads/2016/04/672x299xscreenshot_1.png,qw=672,ah=299,acrop=1.pagespeed.ic.WtiYjJ3iGH.png]
[oliverstadie.com/wp-content/uploads/2014/10/173x173xgrenres-06-e1464784147433.png,qw=173,ah=173,acrop=1.pagespeed.ic.fcGs0uQ0fz.jpg]
[oliverstadie.com/wp-content/uploads/2016/05/495x173xcomputer-vision-featured-image.png,qw=495,ah=173,acrop=1.pagespeed.ic._LBiSRtWO-.png]
[oliverstadie.com/wp-content/uploads/2016/04/schwarmverhalten-anwendungen-formationen-emergenz-paper.pdf]
[oliverstadie.com/wp-content/uploads/2016/04/autonomic-computing-diagnosis-pinpoint-summary-paper.pdf]
[oliverstadie.com/wp-content/uploads/2016/04/aesthetik-und-software-paper.pdf]
[oliverstadie.com/academic-work/index.html]
[oliverstadie.com/cat-nav/project-manager/index.html]
[oliverstadie.com/cat-nav/project-manager/feed/index.html]
[oliverstadie.com/wp-content/uploads/2016/04/gui05-kopie.png]
[oliverstadie.com/wp-json/oembed/1.0/embedaebf.json]
[oliverstadie.com/chaos-cats/feed/index.html]
[oliverstadie.com/wp-json/oembed/1.0/embed6995]
[oliverstadie.com/wp-content/uploads/2016/04/gui05-kopie-945x309.png]
[oliverstadie.com/wp-content/uploads/2016/04/dogfight_ingame85fd.png]
[oliverstadie.com/chaos-cats/dogfight_ingame/index.html]
[oliverstadie.com/wp-content/uploads/2016/04/sequel_ad211b07.png]
[oliverstadie.com/chaos-cats/sequel_ad2-2/index.html]
[oliverstadie.com/wp-content/uploads/2016/04/hangar021b07.png]
[oliverstadie.com/chaos-cats/hangar02/index.html]
[oliverstadie.com/wp-content/uploads/2016/04/gui056fc2.png]
[oliverstadie.com/chaos-cats/gui05-3/index.html]
[oliverstadie.com/wp-content/uploads/2016/04/gui043701.png]
[oliverstadie.com/chaos-cats/gui04/index.html]
[oliverstadie.com/wp-content/uploads/2016/04/gui023701.png]
[oliverstadie.com/chaos-cats/gui02/index.html]
[oliverstadie.com/wp-content/uploads/2016/04/gui012a74.png]
[oliverstadie.com/chaos-cats/gui01/index.html]
[oliverstadie.com/chaos-cats/index.html]
[oliverstadie.com/generali-advergame/index.html]
[oliverstadie.com/playotope/index.html]
[oliverstadie.com/post-term/platformer/index.html]
[oliverstadie.com/post-term/platformer/feed/index.html]
[oliverstadie.com/post-term/economic-simulation/index.html]
[oliverstadie.com/post-term/economic-simulation/feed/index.html]
[oliverstadie.com/post-term/shooter/index.html]
[oliverstadie.com/post-term/shooter/feed/index.html]
[oliverstadie.com/post-term/point-and-click/index.html]
[oliverstadie.com/post-term/point-and-click/feed/index.html]
[oliverstadie.com/post-term/first-person/index.html]
[oliverstadie.com/post-term/first-person/feed/index.html]
[oliverstadie.com/post-term/real-time-games/index.html]
[oliverstadie.com/post-term/real-time-games/feed/index.html]
[oliverstadie.com/post-term/appointment-gaming/index.html]
[oliverstadie.com/post-term/appointment-gaming/feed/index.html]
[oliverstadie.com/post-term/action/index.html]
[oliverstadie.com/post-term/action/feed/index.html]
[oliverstadie.com/post-term/2d/index.html]
[oliverstadie.com/post-term/2d/feed/index.html]
[oliverstadie.com/post-term/isometic/index.html]
[oliverstadie.com/post-term/isometic/feed/index.html]
[oliverstadie.com/post-term/3d/index.html]
[oliverstadie.com/post-term/3d/feed/index.html]
[oliverstadie.com/post-term/nature/index.html]
[oliverstadie.com/post-term/nature/feed/index.html]
[oliverstadie.com/post-term/super-hero/index.html]
[oliverstadie.com/post-term/super-hero/feed/index.html]
[oliverstadie.com/post-term/pirates/index.html]
[oliverstadie.com/post-term/pirates/feed/index.html]
[oliverstadie.com/post-term/urban/index.html]
[oliverstadie.com/post-term/urban/feed/index.html]
[oliverstadie.com/tag/social-integration/index.html]
[oliverstadie.com/post-term/invitations/index.html]
[oliverstadie.com/post-term/invitations/feed/index.html]
[oliverstadie.com/post-term/high-scores/index.html]
[oliverstadie.com/post-term/high-scores/feed/index.html]
[oliverstadie.com/post-term/gifts/index.html]
[oliverstadie.com/post-term/gifts/feed/index.html]
[oliverstadie.com/post-term/social-integration/index.html]
[oliverstadie.com/post-term/social-integration/feed/index.html]
[oliverstadie.com/post-term/virtual-currency/index.html]
[oliverstadie.com/post-term/virtual-currency/feed/index.html]
[oliverstadie.com/post-term/shop/index.html]
[oliverstadie.com/post-term/shop/feed/index.html]
[oliverstadie.com/post-term/freemium/index.html]
[oliverstadie.com/post-term/freemium/feed/index.html]
[oliverstadie.com/post-term/website/index.html]
[oliverstadie.com/post-term/website/feed/index.html]
[oliverstadie.com/post-term/construct-2/index.html]
[oliverstadie.com/post-term/construct-2/feed/index.html]
[oliverstadie.com/post-term/jmonkeyengine/index.html]
[oliverstadie.com/post-term/jmonkeyengine/feed/index.html]
[oliverstadie.com/post-term/own-game-engine/index.html]
[oliverstadie.com/post-term/own-game-engine/feed/index.html]
[oliverstadie.com/post-term/software-architecture/index.html]
[oliverstadie.com/post-term/software-architecture/feed/index.html]
[oliverstadie.com/post-term/software-design/index.html]
[oliverstadie.com/post-term/software-design/feed/index.html]
[oliverstadie.com/wp-content/uploads/2016/04/forest.jpg]
[oliverstadie.com/wp-json/oembed/1.0/embede64e.json]
[oliverstadie.com/forests-of-eden/forest/feed/index.html]
[oliverstadie.com/wp-json/oembed/1.0/embed4620]
[oliverstadie.com/wp-content/uploads/2016/04/forest-945x627.jpg]
[oliverstadie.com/wp-content/uploads/2016/05/avatar-darkgray.png]
[oliverstadie.com/wp-content/uploads/2016/06/email-40px.png]
[oliverstadie.com/wp-content/uploads/2016/06/phone-40px.png]
[oliverstadie.com/wp-content/plugins/contact-bank/assets/images/icons/icon-succes.png]
[oliverstadie.com/forests-of-eden/forest/index.html]
[oliverstadie.com/wp-includes/js/comment-reply.min1992.js]
[oliverstadie.com/wp-content/uploads/2016/04/buy-crystals-greenpeace.png]
[oliverstadie.com/wp-json/oembed/1.0/embed9a33.json]
[oliverstadie.com/forests-of-eden/buy-crystals-greenpeace-3/feed/index.html]
[oliverstadie.com/wp-json/oembed/1.0/embed2711]
[oliverstadie.com/wp-content/uploads/2016/04/buy-crystals-greenpeace-945x625.png]
[oliverstadie.com/forests-of-eden/buy-crystals-greenpeace-3/index.html]
[oliverstadie.com/wp-content/uploads/2016/04/buy-crystals-neutral.png]
[oliverstadie.com/forests-of-eden/buy-crystals-neutral/feed/index.html]
[oliverstadie.com/wp-json/oembed/1.0/embed2e1e.json]
[oliverstadie.com/wp-json/oembed/1.0/embed8283]
[oliverstadie.com/wp-content/uploads/2016/04/945x627xbuy-crystals-neutral-945x627.png.pagespeed.ic.ssZs3mTOYl.png]
[oliverstadie.com/forests-of-eden/buy-crystals-neutral/index.html]
[oliverstadie.com/wp-content/uploads/2016/04/catalog.png]
[oliverstadie.com/wp-json/oembed/1.0/embed962f.json]
[oliverstadie.com/forests-of-eden/catalog-3/feed/index.html]
[oliverstadie.com/wp-json/oembed/1.0/embed4288]
[oliverstadie.com/wp-content/uploads/2016/04/945x627xcatalog-945x627.png.pagespeed.ic.gAh3hvb7MU.png]
[oliverstadie.com/forests-of-eden/catalog-3/index.html]
[oliverstadie.com/wp-content/uploads/2016/04/collect-things.jpg]
[oliverstadie.com/wp-json/oembed/1.0/embed0709.json]
[oliverstadie.com/forests-of-eden/collect-things/feed/index.html]
[oliverstadie.com/wp-json/oembed/1.0/embedc596]
[oliverstadie.com/wp-content/uploads/2016/04/945x627xcollect-things-945x627.jpg.pagespeed.ic.ajCM9sAsdW.jpg]
[oliverstadie.com/forests-of-eden/collect-things/index.html]
[oliverstadie.com/wp-content/uploads/2016/04/herbs-in-garden.jpg]
[oliverstadie.com/wp-json/oembed/1.0/embed7153.json]
[oliverstadie.com/forests-of-eden/herbs-in-garden/feed/index.html]
[oliverstadie.com/wp-json/oembed/1.0/embed054b]
[oliverstadie.com/wp-content/uploads/2016/04/945x627xherbs-in-garden-945x627.jpg.pagespeed.ic.gUKHKaJUC1.jpg]
[oliverstadie.com/forests-of-eden/herbs-in-garden/index.html]
[oliverstadie.com/wp-content/uploads/2016/04/robert-quest.jpg]
[oliverstadie.com/wp-content/plugins/custom-twitter-feeds/css/ctf-stylesc64e.css]
[oliverstadie.com/forests-of-eden/robert-quest/feed/index.html]
[oliverstadie.com/wp-content/plugins/header-customizer-lite/assets/css/style.min1992.css]
[oliverstadie.com/wp-content/plugins/simple-follow-me-social-buttons-widget/assets/css/style6765.css]
[oliverstadie.com/wp-content/plugins/simple-follow-me-social-buttons-widget/assets/css/icons6765.css]
[oliverstadie.com/wp-content/plugins/wens-responsive-column-layout-shortcodes/wen-style1992.css]
[oliverstadie.com/wp-content/themes/baskerville-child/style1992.css]
[oliverstadie.com/wp-includes/js/jquery/jqueryb8ff.js]
[oliverstadie.com/wp-includes/js/jquery/jquery-migrate.min330a.js]
[oliverstadie.com/wp-content/plugins/contact-bank/assets/js/jquery.Tooltip1992.js]
[oliverstadie.com/wp-content/plugins/contact-bank/assets/js/jquery.validate.min1992.js]
[oliverstadie.com/wp-content/plugins/simple-follow-me-social-buttons-widget/assets/js/front-widget6765.js]
[oliverstadie.com/wp-json/oembed/1.0/embed348d.json]
[oliverstadie.com/wp-json/oembed/1.0/embed559e]
[oliverstadie.com/wp-content/uploads/2016/06/cropped-favicon-3-32x32.png]
[oliverstadie.com/wp-content/uploads/2016/06/cropped-favicon-3-192x192.png]
[oliverstadie.com/wp-content/uploads/2016/06/cropped-favicon-3-180x180.png]
[oliverstadie.com/wp-content/uploads/2016/04/robert-quest-945x627.jpg]
[oliverstadie.com/wp-content/uploads/2016/05/avatar-darkgray-on-white.png]
[oliverstadie.com/wp-content/plugins/header-customizer-lite/assets/js/live355d.js]
[oliverstadie.com/wp-content/plugins/wens-responsive-column-layout-shortcodes/js/custom4963.js]
[oliverstadie.com/wp-content/plugins/jetpack/modules/wpgroho1992.js]
[oliverstadie.com/wp-includes/js/masonry.min0226.js]
[oliverstadie.com/wp-content/themes/baskerville/js/imagesloaded.pkgd1992.js]
[oliverstadie.com/wp-content/themes/baskerville/js/flexslider.min1992.js]
[oliverstadie.com/wp-content/themes/baskerville/js/global1992.js]
[oliverstadie.com/wp-content/plugins/wp-gallery-custom-links/wp-gallery-custom-links4963.js]
[oliverstadie.com/forests-of-eden/robert-quest/index.html]
[oliverstadie.com/wp-includes/js/wp-embed.min1992.js]
[oliverstadie.com/wp-content/uploads/2016/04/tina-quest.jpg]
[oliverstadie.com/wp-json/oembed/1.0/embed7f5a.json]
[oliverstadie.com/forests-of-eden/tina-quest/feed/index.html]
[oliverstadie.com/wp-json/oembed/1.0/embed60a5]
[oliverstadie.com/wp-content/uploads/2016/04/945x627xtina-quest-945x627.jpg.pagespeed.ic.KOzEsIKaQ6.jpg]
[oliverstadie.com/forests-of-eden/tina-quest/index.html]
[oliverstadie.com/wp-content/uploads/2016/04/wanto-topic.jpg]
[oliverstadie.com/forests-of-eden/wanto-topic/feed/index.html]
[oliverstadie.com/wp-json/oembed/1.0/embeddd30.json]
[oliverstadie.com/wp-json/oembed/1.0/embed8c45]
[oliverstadie.com/wp-content/uploads/2016/04/945x627xwanto-topic-945x627.jpg.pagespeed.ic.wSqaOKvRvk.jpg]
[oliverstadie.com/forests-of-eden/wanto-topic/index.html]
[oliverstadie.com/wp-content/uploads/2016/04/teleport.png]
[oliverstadie.com/wp-json/oembed/1.0/embed3629.json]
[oliverstadie.com/game-jams-prototypes/teleport/feed/index.html]
[oliverstadie.com/wp-json/oembed/1.0/embed26ef]
[oliverstadie.com/wp-content/uploads/2016/04/321x281xteleport.png.pagespeed.ic.aHT8iKd0wP.png]
[oliverstadie.com/game-jams-prototypes/teleport/index.html]
[oliverstadie.com/wp-content/uploads/2016/04/gameplay_edit.gif]
[oliverstadie.com/wp-json/oembed/1.0/embedfc45.json]
[oliverstadie.com/game-jams-prototypes/gameplay_edit/feed/index.html]
[oliverstadie.com/wp-json/oembed/1.0/embed8336]
[oliverstadie.com/game-jams-prototypes/gameplay_edit/index.html]
[oliverstadie.com/wp-content/uploads/2016/04/game-over1.png]
[oliverstadie.com/wp-json/oembed/1.0/embed8812.json]
[oliverstadie.com/game-jams-prototypes/game-over-2/feed/index.html]
[oliverstadie.com/wp-json/oembed/1.0/embedc793]
[oliverstadie.com/wp-content/uploads/2016/04/640x474xgame-over1.png.pagespeed.ic.bD-XZcTgUK.png]
[oliverstadie.com/game-jams-prototypes/game-over-2/index.html]
[oliverstadie.com/wp-content/uploads/2016/04/gameplay.png]
[oliverstadie.com/game-jams-prototypes/gameplay/feed/index.html]
[oliverstadie.com/wp-json/oembed/1.0/embed6f3a.json]
[oliverstadie.com/wp-json/oembed/1.0/embeda339]
[oliverstadie.com/wp-content/uploads/2016/04/637x475xgameplay.png.pagespeed.ic.WvfYxvUTNP.png]
[oliverstadie.com/game-jams-prototypes/gameplay/index.html]
[oliverstadie.com/wp-content/uploads/2016/04/main-menu1.png]
[oliverstadie.com/game-jams-prototypes/main-menu-2/feed/index.html]
[oliverstadie.com/wp-json/oembed/1.0/embed1a5d.json]
[oliverstadie.com/wp-json/oembed/1.0/embed74f8]
[oliverstadie.com/game-jams-prototypes/main-menu-2/index.html]
[oliverstadie.com/wp-content/uploads/2016/04/tutorial.png]
[oliverstadie.com/wp-json/oembed/1.0/embedf44a.json]
[oliverstadie.com/game-jams-prototypes/tutorial/feed/index.html]
[oliverstadie.com/wp-json/oembed/1.0/embed85b7]
[oliverstadie.com/wp-content/uploads/2016/04/636x473xtutorial.png.pagespeed.ic.wp1PBsMblL.png]
[oliverstadie.com/game-jams-prototypes/tutorial/index.html]
[oliverstadie.com/wp-content/uploads/2016/04/main-menu.png]
[oliverstadie.com/game-jams-prototypes/main-menu/feed/index.html]
[oliverstadie.com/wp-json/oembed/1.0/embedea60.json]
[oliverstadie.com/wp-json/oembed/1.0/embed82bf]
[oliverstadie.com/wp-content/uploads/2016/04/945x757xmain-menu-945x757.png.pagespeed.ic.oy94_KtKla.png]
[oliverstadie.com/game-jams-prototypes/main-menu/index.html]
[oliverstadie.com/wp-content/uploads/2016/04/screenshot_1-1.png]
[oliverstadie.com/wp-json/oembed/1.0/embed8d6f.json]
[oliverstadie.com/game-jams-prototypes/screenshot_1-2/feed/index.html]
[oliverstadie.com/wp-json/oembed/1.0/embedfe64]
[oliverstadie.com/wp-content/uploads/2016/04/377x319xscreenshot_1-1.png.pagespeed.ic._7dSdYoVr9.png]
[oliverstadie.com/game-jams-prototypes/screenshot_1-2/index.html]
[oliverstadie.com/wp-content/uploads/2016/04/screenshot_2.png]
[oliverstadie.com/wp-json/oembed/1.0/embed22dd.json]
[oliverstadie.com/game-jams-prototypes/screenshot_2/feed/index.html]
[oliverstadie.com/wp-json/oembed/1.0/embedeeb3]
[oliverstadie.com/wp-content/uploads/2016/04/screenshot_2-945x755.png]
[oliverstadie.com/game-jams-prototypes/screenshot_2/index.html]
[oliverstadie.com/wp-content/uploads/2016/04/screenshot_11.png]
[oliverstadie.com/wp-json/oembed/1.0/embed8b01.json]
[oliverstadie.com/game-jams-prototypes/screenshot_1-3/feed/index.html]
[oliverstadie.com/wp-json/oembed/1.0/embed2ed3]
[oliverstadie.com/wp-content/uploads/2016/04/screenshot_11-945x668.png]
[oliverstadie.com/game-jams-prototypes/screenshot_1-3/index.html]
[oliverstadie.com/wp-content/uploads/2016/04/zombieogremmo.png]
[oliverstadie.com/wp-json/oembed/1.0/embedcf96.json]
[oliverstadie.com/game-jams-prototypes/zombieogremmo/feed/index.html]
[oliverstadie.com/wp-json/oembed/1.0/embed7ea1]
[oliverstadie.com/wp-content/uploads/2016/04/449x328xzombieogremmo.png.pagespeed.ic.djsZd5NAvK.png]
[oliverstadie.com/game-jams-prototypes/zombieogremmo/index.html]
[oliverstadie.com/wp-content/uploads/2016/04/screenshot_21.png]
[oliverstadie.com/wp-json/oembed/1.0/embedc35d.json]
[oliverstadie.com/game-jams-prototypes/screenshot_2-2/feed/index.html]
[oliverstadie.com/wp-json/oembed/1.0/embede924]
[oliverstadie.com/wp-content/uploads/2016/04/760x500xscreenshot_21.png.pagespeed.ic.laUOhV9LH2.png]
[oliverstadie.com/game-jams-prototypes/screenshot_2-2/index.html]
[oliverstadie.com/wp-content/uploads/2016/04/screenshot_after_8_hours.png]
[oliverstadie.com/wp-json/oembed/1.0/embed11b0.json]
[oliverstadie.com/game-jams-prototypes/screenshot_after_8_hours/feed/index.html]
[oliverstadie.com/wp-json/oembed/1.0/embedcc68]
[oliverstadie.com/wp-content/uploads/2016/04/294x189xscreenshot_after_8_hours.png.pagespeed.ic.wtf53umBpt.png]
[oliverstadie.com/game-jams-prototypes/screenshot_after_8_hours/index.html]
[oliverstadie.com/wp-content/uploads/2016/04/tutorial2.png]
[oliverstadie.com/wp-json/oembed/1.0/embed4f36.json]
[oliverstadie.com/game-jams-prototypes/tutorial-3/feed/index.html]
[oliverstadie.com/wp-json/oembed/1.0/embed57ed]
[oliverstadie.com/wp-content/uploads/2016/04/356x243xtutorial2.png.pagespeed.ic.aJSWoP59f_.jpg]
[oliverstadie.com/game-jams-prototypes/tutorial-3/index.html]
[oliverstadie.com/wp-content/uploads/2016/04/danger.png]
[oliverstadie.com/wp-json/oembed/1.0/embede569.json]
[oliverstadie.com/game-jams-prototypes/danger/feed/index.html]
[oliverstadie.com/wp-json/oembed/1.0/embed95f5]
[oliverstadie.com/wp-content/uploads/2016/04/426x320xdanger.png.pagespeed.ic.IPOBTynXJR.png]
[oliverstadie.com/game-jams-prototypes/danger/index.html]
[oliverstadie.com/wp-content/uploads/2016/04/attack.png]
[oliverstadie.com/wp-json/oembed/1.0/embede426.json]
[oliverstadie.com/game-jams-prototypes/attack/feed/index.html]
[oliverstadie.com/wp-json/oembed/1.0/embedbfdb]
[oliverstadie.com/wp-content/uploads/2016/04/attack-945x508.png]
[oliverstadie.com/game-jams-prototypes/attack/index.html]
[oliverstadie.com/wp-content/uploads/2016/04/hit.png]
[oliverstadie.com/wp-json/oembed/1.0/embedc954.json]
[oliverstadie.com/game-jams-prototypes/hit/feed/index.html]
[oliverstadie.com/wp-json/oembed/1.0/embed8d63]
[oliverstadie.com/wp-content/uploads/2016/04/519x440xhit.png.pagespeed.ic.c6oJUDUFR5.png]
[oliverstadie.com/game-jams-prototypes/hit/index.html]
[oliverstadie.com/wp-content/uploads/2016/04/tutorial1.png]
[oliverstadie.com/game-jams-prototypes/tutorial-2/feed/index.html]
[oliverstadie.com/wp-json/oembed/1.0/embed0212.json]
[oliverstadie.com/wp-json/oembed/1.0/embede7b2]
[oliverstadie.com/wp-content/uploads/2016/04/tutorial1-945x704.png]
[oliverstadie.com/game-jams-prototypes/tutorial-2/index.html]
[oliverstadie.com/wp-content/uploads/2013/04/Asteroids-Featured-Image.png]
[oliverstadie.com/asteroids/feed/index.html]
[oliverstadie.com/wp-json/oembed/1.0/embedcae7.json]
[oliverstadie.com/wp-json/oembed/1.0/embedb280]
[oliverstadie.com/wp-content/uploads/2013/04/945x331xAsteroids-Featured-Image-945x331.png.pagespeed.ic.6l3Mn8v1fL.png]
[oliverstadie.com/asteroids/index.html]
[oliverstadie.com/wp-content/uploads/2016/04/minecraft__140227211000.jpg]
[oliverstadie.com/wp-json/oembed/1.0/embed834a.json]
[oliverstadie.com/minecraft-clone/feed/index.html]
[oliverstadie.com/wp-json/oembed/1.0/embedc76b]
[oliverstadie.com/wp-content/uploads/2016/04/945x414xminecraft__140227211000-945x414.jpg.pagespeed.ic.dS6VGIavpl.jpg]
[oliverstadie.com/minecraft-clone/index.html]
[oliverstadie.com/wp-content/uploads/2013/04/RRPG-Featured-Image.png]
[oliverstadie.com/wp-json/oembed/1.0/embed3fa7.json]
[oliverstadie.com/reverse-rpg/feed/index.html]
[oliverstadie.com/wp-json/oembed/1.0/embed983a]
[oliverstadie.com/wp-content/uploads/2013/04/945x331xRRPG-Featured-Image-945x331.png.pagespeed.ic.gvcdCmtuQU.png]
[oliverstadie.com/reverse-rpg/index.html]
[oliverstadie.com/wp-json/oembed/1.0/embedc63e.json]
[oliverstadie.com/dipl-inf-oliver-stadie/feed/index.html]
[oliverstadie.com/wp-json/oembed/1.0/embed6c43]
[oliverstadie.com/wp-content/uploads/2016/05/diplom-scan.pdf]
[oliverstadie.com/dipl-inf-oliver-stadie/index.html]
[oliverstadie.com/post-term/academic/index.html]
[oliverstadie.com/wp-content/plugins/contact-bank/assets/css/stylesheet1992.css]
[oliverstadie.com/wp-content/plugins/contact-bank/assets/css/system-message1992.css]
[oliverstadie.com/wp-content/themes/baskerville/style1992.css]
[oliverstadie.com/wp-content/plugins/jetpack/css/jetpack1678.css]
[oliverstadie.com/generali-heroes/generaligame-01/index.html]
[oliverstadie.com/generali-heroes/generaligame-02/index.html]
[oliverstadie.com/generali-heroes/generaligame-03/index.html]
[oliverstadie.com/generali-heroes/generaligame-05/index.html]
[oliverstadie.com/generali-heroes/generaligame-07/index.html]
[oliverstadie.com/generali-heroes/generaligame-06/index.html]
[oliverstadie.com/generali-heroes/generaligame-04/index.html]
[oliverstadie.com/generali-heroes/generaligame-08/index.html]
[oliverstadie.com/teddy-defender/ghosts/index.html]
[oliverstadie.com/teddy-defender/start-loading-small/index.html]
[oliverstadie.com/teddy-defender/teddy-attacking/index.html]
[oliverstadie.com/teddy-defender/160229-top-view-with-monster/index.html]
[oliverstadie.com/teddy-defender/teddy-moving/index.html]
[oliverstadie.com/chaos-cats/dogfight_ingame/index.html]
[oliverstadie.com/chaos-cats/sequel_ad2-2/index.html]
[oliverstadie.com/chaos-cats/hangar02/index.html]
[oliverstadie.com/chaos-cats/gui05-3/index.html]
[oliverstadie.com/chaos-cats/gui04/index.html]
[oliverstadie.com/chaos-cats/gui02/index.html]
[oliverstadie.com/chaos-cats/gui01/index.html]
[oliverstadie.com/wp-content/plugins/custom-twitter-feeds/css/ctf-stylesc64e.css]
[oliverstadie.com/wp-content/plugins/header-customizer-lite/assets/css/style.min1992.css]
[oliverstadie.com/wp-content/plugins/simple-follow-me-social-buttons-widget/assets/css/style6765.css]
[oliverstadie.com/wp-content/plugins/simple-follow-me-social-buttons-widget/assets/css/icons6765.css]
[oliverstadie.com/wp-content/plugins/wens-responsive-column-layout-shortcodes/wen-style1992.css]
[oliverstadie.com/wp-content/themes/baskerville-child/style1992.css]
[oliverstadie.com/post-term/academic/index.html]
